******************************************************************************
                  TI ARM Linker Unix v16.9.6                   
******************************************************************************
>> Linked Thu Mar 15 19:12:59 2018

OUTPUT FILE NAME:   <MarsRotaryManual.out>
ENTRY POINT SYMBOL: "_c_int00"  address: 00002139


MEMORY CONFIGURATION

         name            origin    length      used     unused   attr    fill
----------------------  --------  ---------  --------  --------  ----  --------
  FLASH                 00000000   00040000  000027b8  0003d848  R  X
  SRAM                  20000000   00008000  00000384  00007c7c  RW X


SEGMENT ALLOCATION MAP

run origin  load origin   length   init length attrs members
----------  ----------- ---------- ----------- ----- -------
00000000    00000000    000027b8   000027b8    r-x
  00000000    00000000    0000026c   0000026c    r-- .intvecs
  0000026c    0000026c    00002358   00002358    r-x .text
  000025c4    000025c4    000001bc   000001bc    r-- .const
  00002780    00002780    00000038   00000038    r-- .cinit
20000000    20000000    00000384   00000000    rw-
  20000000    20000000    00000200   00000000    rw- .stack
  20000200    20000200    00000164   00000000    rw- .bss
  20000364    20000364    00000020   00000000    rw- .data


SECTION ALLOCATION MAP

 output                                  attributes/
section   page    origin      length       input sections
--------  ----  ----------  ----------   ----------------
.intvecs   0    00000000    0000026c     
                  00000000    0000026c     tm4c123gh6pm_startup_ccs.obj (.intvecs)

.text      0    0000026c    00002358     
                  0000026c    00000bf0     i2cm_drv.obj (.text)
                  00000e5c    000005b0     mpu6050.obj (.text)
                  0000140c    0000049c     uartstdio.obj (.text)
                  000018a8    00000240     main.obj (.text)
                  00001ae8    00000130     driverlib.lib : gpio.obj (.text:GPIOPadConfigSet)
                  00001c18    0000010c                   : sysctl.obj (.text:SysCtlClockGet)
                  00001d24    000000f0                   : sysctl.obj (.text:SysCtlClockSet)
                  00001e14    0000009c     rtsv7M4_T_le_v4SPD16_eabi.lib : memcpy_t2.obj (.text)
                  00001eb0    0000007a                                   : memset_t2.obj (.text)
                  00001f2a    00000002                                   : i_div0.obj (.text)
                  00001f2c    00000070                                   : autoinit.obj (.text)
                  00001f9c    00000068     driverlib.lib : interrupt.obj (.text:IntDisable)
                  00002004    00000068                   : interrupt.obj (.text:IntEnable)
                  0000206c    00000068     rtsv7M4_T_le_v4SPD16_eabi.lib : copy_decompress_lzss.obj (.text:decompress:lzss)
                  000020d4    00000064     driverlib.lib : interrupt.obj (.text:IntIsEnabled)
                  00002138    00000054     rtsv7M4_T_le_v4SPD16_eabi.lib : boot.obj (.text)
                  0000218c    00000054                                   : exit.obj (.text)
                  000021e0    0000004c                                   : cpy_tbl.obj (.text)
                  0000222c    00000048     driverlib.lib : gpio.obj (.text:GPIOPinConfigure)
                  00002274    00000048                   : i2c.obj (.text:I2CMasterInitExpClk)
                  000022bc    00000042                   : uart.obj (.text:UARTConfigSetExpClk)
                  000022fe    00000040     rtsv7M4_T_le_v4SPD16_eabi.lib : u_divt2.obj (.text)
                  0000233e    00000002                                   : mpu_init.obj (.text)
                  00002340    00000038     driverlib.lib : sysctl.obj (.text:SysCtlPeripheralPresent)
                  00002378    00000036     i2cm_drv.obj (.text:I2CMRead)
                  000023ae    00000036     i2cm_drv.obj (.text:I2CMWrite)
                  000023e4    00000036     i2cm_drv.obj (.text:I2CMWriteBatched)
                  0000241a    00000002     rtsv7M4_T_le_v4SPD16_eabi.lib : startup.obj (.text)
                  0000241c    00000034     driverlib.lib : sysctl.obj (.text:SysCtlPeripheralEnable)
                  00002450    0000002a                   : gpio.obj (.text:GPIODirModeSet)
                  0000247a    00000002     --HOLE-- [fill = 0]
                  0000247c    0000001c                   : uart.obj (.text:UARTDisable)
                  00002498    00000018     rtsv7M4_T_le_v4SPD16_eabi.lib : args_main.obj (.text)
                  000024b0    00000014     driverlib.lib : uart.obj (.text:UARTEnable)
                  000024c4    00000014     rtsv7M4_T_le_v4SPD16_eabi.lib : _lock.obj (.text)
                  000024d8    00000012     driverlib.lib : gpio.obj (.text:GPIOPinTypeI2C)
                  000024ea    00000012                   : gpio.obj (.text:GPIOPinTypeI2CSCL)
                  000024fc    00000012                   : gpio.obj (.text:GPIOPinTypeUART)
                  0000250e    00000010                   : interrupt.obj (.text:IntMasterEnable)
                  0000251e    0000000e     rtsv7M4_T_le_v4SPD16_eabi.lib : copy_decompress_none.obj (.text:decompress:none)
                  0000252c    0000000c     driverlib.lib : cpu.obj (.text:CPUcpsie)
                  00002538    0000000c                   : interrupt.obj (.text:IntTrigger)
                  00002544    0000000c     rtsv7M4_T_le_v4SPD16_eabi.lib : copy_zero_init.obj (.text:decompress:ZI)
                  00002550    0000000c     tm4c123gh6pm_startup_ccs.obj (.text)
                  0000255c    0000000a     driverlib.lib : i2c.obj (.text:I2CMasterEnable)
                  00002566    0000000a                   : uart.obj (.text:UARTCharGet)
                  00002570    0000000a                   : uart.obj (.text:UARTCharPut)
                  0000257a    0000000a                   : uart.obj (.text:UARTIntStatus)
                  00002584    00000008                   : i2c.obj (.text:I2CMasterIntClear)
                  0000258c    00000008                   : i2c.obj (.text:I2CMasterIntEnableEx)
                  00002594    00000008                   : i2c.obj (.text:I2CMasterSlaveAddrSet)
                  0000259c    00000008                   : uart.obj (.text:UARTIntEnable)
                  000025a4    00000006                   : sysctl.obj (.text:SysCtlDelay)
                  000025aa    00000006                   : uart.obj (.text:UARTClockSourceSet)
                  000025b0    00000004                   : i2c.obj (.text:I2CMasterControl)
                  000025b4    00000004                   : i2c.obj (.text:I2CMasterDataGet)
                  000025b8    00000004                   : i2c.obj (.text:I2CMasterDataPut)
                  000025bc    00000004                   : uart.obj (.text:UARTIntClear)
                  000025c0    00000004     rtsv7M4_T_le_v4SPD16_eabi.lib : pre_init.obj (.text)

.const     0    000025c4    000001bc     
                  000025c4    00000090     driverlib.lib : gpio.obj (.const:g_pui32GPIOBaseAddrs)
                  00002654    00000070                   : interrupt.obj (.const)
                  000026c4    0000006c                   : sysctl.obj (.const:g_pui32Xtals)
                  00002730    00000012     uartstdio.obj (.const:.string)
                  00002742    00000002     --HOLE-- [fill = 0]
                  00002744    00000010     mpu6050.obj (.const:g_fMPU6050AccelFactors)
                  00002754    00000010     mpu6050.obj (.const:g_fMPU6050GyroFactors)
                  00002764    0000000c     uartstdio.obj (.const:g_ui32UARTBase)
                  00002770    0000000c     uartstdio.obj (.const:g_ui32UARTPeriph)
                  0000277c    00000004     uartstdio.obj (.const)

.cinit     0    00002780    00000038     
                  00002780    00000011     (.cinit..data.load) [load image, compression = lzss]
                  00002791    00000003     --HOLE-- [fill = 0]
                  00002794    0000000c     (__TI_handler_table)
                  000027a0    00000008     (.cinit..bss.load) [load image, compression = zero_init]
                  000027a8    00000010     (__TI_cinit_table)

.init_array 
*          0    00000000    00000000     UNINITIALIZED

.bss       0    20000200    00000164     UNINITIALIZED
                  20000200    00000124     (.common:g_sI2CInst)
                  20000324    00000038     (.common:g_sMPU6050Inst)
                  2000035c    00000004     (.common:g_vui8DataFlag)
                  20000360    00000004     (.common:g_vui8ErrorFlag)

.data      0    20000364    00000020     UNINITIALIZED
                  20000364    0000000c     rtsv7M4_T_le_v4SPD16_eabi.lib : exit.obj (.data:$O1$$)
                  20000370    00000008                                   : _lock.obj (.data:$O1$$)
                  20000378    00000005     uartstdio.obj (.data)
                  2000037d    00000003     --HOLE--
                  20000380    00000004     rtsv7M4_T_le_v4SPD16_eabi.lib : stkdepth_vars.obj (.data)

.stack     0    20000000    00000200     UNINITIALIZED
                  20000000    00000200     --HOLE--

MODULE SUMMARY

       Module                         code   ro data   rw data
       ------                         ----   -------   -------
    ./
       i2cm_drv.obj                   3218   0         0      
       mpu6050.obj                    1456   32        0      
       uartstdio.obj                  1180   46        5      
       main.obj                       576    0         356    
       tm4c123gh6pm_startup_ccs.obj   12     620       0      
    +--+------------------------------+------+---------+---------+
       Total:                         6442   698       361    
                                                              
    /home/pintobean/ti/ccsv7/tools/compiler/ti-cgt-arm_16.9.6.LTS/lib/rtsv7M4_T_le_v4SPD16_eabi.lib
       memcpy_t2.obj                  156    0         0      
       memset_t2.obj                  122    0         0      
       autoinit.obj                   112    0         0      
       copy_decompress_lzss.obj       104    0         0      
       exit.obj                       84     0         12     
       boot.obj                       84     0         0      
       cpy_tbl.obj                    76     0         0      
       u_divt2.obj                    64     0         0      
       _lock.obj                      20     0         8      
       args_main.obj                  24     0         0      
       copy_decompress_none.obj       14     0         0      
       copy_zero_init.obj             12     0         0      
       pre_init.obj                   4      0         0      
       stkdepth_vars.obj              0      0         4      
       i_div0.obj                     2      0         0      
       mpu_init.obj                   2      0         0      
       startup.obj                    2      0         0      
    +--+------------------------------+------+---------+---------+
       Total:                         882    0         24     
                                                              
    /home/pintobean/ti/tirtos_tivac_2_16_00_08/products/TivaWare_C_Series-2.1.1.71b/driverlib/ccs/Debug/driverlib.lib
       sysctl.obj                     622    108       0      
       gpio.obj                       472    144       0      
       interrupt.obj                  336    112       0      
       uart.obj                       162    0         0      
       i2c.obj                        118    0         0      
       cpu.obj                        12     0         0      
    +--+------------------------------+------+---------+---------+
       Total:                         1722   364       0      
                                                              
       Stack:                         0      0         512    
       Linker Generated:              0      53        0      
    +--+------------------------------+------+---------+---------+
       Grand Total:                   9046   1115      897    


LINKER GENERATED COPY TABLES

__TI_cinit_table @ 000027a8 records: 2, size/record: 8, table size: 16
	.data: load addr=00002780, load size=00000011 bytes, run addr=20000364, run size=00000020 bytes, compression=lzss
	.bss: load addr=000027a0, load size=00000008 bytes, run addr=20000200, run size=00000164 bytes, compression=zero_init


LINKER GENERATED HANDLER TABLE

__TI_handler_table @ 00002794 records: 3, size/record: 4, table size: 12
	index: 0, handler: __TI_decompress_lzss
	index: 1, handler: __TI_decompress_none
	index: 2, handler: __TI_zero_init


GLOBAL SYMBOLS: SORTED ALPHABETICALLY BY Name 

address   name                           
-------   ----                           
0000218d  C$$EXIT                        
0000252d  CPUcpsie                       
00002451  GPIODirModeSet                 
00001ae9  GPIOPadConfigSet               
0000222d  GPIOPinConfigure               
000024d9  GPIOPinTypeI2C                 
000024eb  GPIOPinTypeI2CSCL              
000024fd  GPIOPinTypeUART                
0000085d  I2CMCommand                    
00000807  I2CMInit                       
000006e9  I2CMIntHandler                 
00002379  I2CMRead                       
00000d21  I2CMRead16BE                   
00000b47  I2CMReadModifyWrite16LE        
000009ff  I2CMReadModifyWrite8           
00000929  I2CMTransferResume             
000023af  I2CMWrite                      
00000de7  I2CMWrite16BE                  
00000c55  I2CMWrite8                     
000023e5  I2CMWriteBatched               
000025b1  I2CMasterControl               
000025b5  I2CMasterDataGet               
000025b9  I2CMasterDataPut               
0000255d  I2CMasterEnable                
00002275  I2CMasterInitExpClk            
00002585  I2CMasterIntClear              
0000258d  I2CMasterIntEnableEx           
00002595  I2CMasterSlaveAddrSet          
000018fb  I2C_INIT                       
000018f7  I2C_RECEIVE                    
000018f9  I2C_TRANSMIT                   
00001f9d  IntDisable                     
00002005  IntEnable                      
000020d5  IntIsEnabled                   
0000250f  IntMasterEnable                
00002539  IntTrigger                     
0000128d  MPU6050DataAccelGetFloat       
00001241  MPU6050DataAccelGetRaw         
00001371  MPU6050DataGyroGetFloat        
00001321  MPU6050DataGyroGetRaw          
000011dd  MPU6050DataRead                
00000fc7  MPU6050Init                    
00001049  MPU6050Read                    
0000117f  MPU6050ReadModifyWrite         
000010b5  MPU6050Write                   
000018a9  MPU6050_APP_CALL_BACK          
000018cf  MPU6050_APP_I2C_WAIT           
000018c5  MPU6050_I2C_INTERRUPT_HANDLER  
00002551  ResetISR                       
UNDEFED   SHT$$INIT_ARRAY$$Base          
UNDEFED   SHT$$INIT_ARRAY$$Limit         
00001c19  SysCtlClockGet                 
00001d25  SysCtlClockSet                 
000025a5  SysCtlDelay                    
0000241d  SysCtlPeripheralEnable         
00002341  SysCtlPeripheralPresent        
00002567  UARTCharGet                    
00002571  UARTCharPut                    
000025ab  UARTClockSourceSet             
000022bd  UARTConfigSetExpClk            
0000247d  UARTDisable                    
000024b1  UARTEnable                     
000025bd  UARTIntClear                   
0000259d  UARTIntEnable                  
0000257b  UARTIntStatus                  
0000140d  UARTStdioConfig                
00001933  UART_INIT                      
000018fd  UART_INTERRUPT_HANDLER         
00001553  UARTgetc                       
00001499  UARTgets                       
00001873  UARTprintf                     
00001579  UARTvprintf                    
00001453  UARTwrite                      
20000200  __STACK_END                    
00000200  __STACK_SIZE                   
20000200  __STACK_TOP                    
000027a8  __TI_CINIT_Base                
000027b8  __TI_CINIT_Limit               
00002794  __TI_Handler_Table_Base        
000027a0  __TI_Handler_Table_Limit       
00001f2d  __TI_auto_init                 
20000364  __TI_cleanup_ptr               
0000206d  __TI_decompress_lzss           
0000251f  __TI_decompress_none           
20000368  __TI_dtors_ptr                 
2000036c  __TI_enable_exit_profile_output
ffffffff  __TI_pprof_out_hndl            
ffffffff  __TI_prof_data_size            
ffffffff  __TI_prof_data_start           
00000000  __TI_static_base__             
00002545  __TI_zero_init                 
00001f2b  __aeabi_idiv0                  
00001eb1  __aeabi_memclr                 
00001eb1  __aeabi_memclr4                
00001eb1  __aeabi_memclr8                
00001e15  __aeabi_memcpy                 
00001e15  __aeabi_memcpy4                
00001e15  __aeabi_memcpy8                
00001eb3  __aeabi_memset                 
00001eb3  __aeabi_memset4                
00001eb3  __aeabi_memset8                
000022ff  __aeabi_uidiv                  
000022ff  __aeabi_uidivmod               
ffffffff  __binit__                      
ffffffff  __c_args__                     
0000233f  __mpu_init                     
20000000  __stack                        
00002499  _args_main                     
00002139  _c_int00                       
20000370  _lock                          
000024d3  _nop                           
000024cb  _register_lock                 
000024c5  _register_unlock               
0000241b  _system_post_cinit             
000025c1  _system_pre_init               
20000374  _unlock                        
00002191  abort                          
ffffffff  binit                          
000021e1  copy_in                        
00002199  exit                           
00000000  g_pfnVectors                   
20000200  g_sI2CInst                     
20000324  g_sMPU6050Inst                 
2000035c  g_vui8DataFlag                 
20000360  g_vui8ErrorFlag                
0000197d  main                           
20000380  main_func_sp                   
00001e15  memcpy                         
00001eb9  memset                         


GLOBAL SYMBOLS: SORTED BY Symbol Address 

address   name                           
-------   ----                           
00000000  __TI_static_base__             
00000000  g_pfnVectors                   
00000200  __STACK_SIZE                   
000006e9  I2CMIntHandler                 
00000807  I2CMInit                       
0000085d  I2CMCommand                    
00000929  I2CMTransferResume             
000009ff  I2CMReadModifyWrite8           
00000b47  I2CMReadModifyWrite16LE        
00000c55  I2CMWrite8                     
00000d21  I2CMRead16BE                   
00000de7  I2CMWrite16BE                  
00000fc7  MPU6050Init                    
00001049  MPU6050Read                    
000010b5  MPU6050Write                   
0000117f  MPU6050ReadModifyWrite         
000011dd  MPU6050DataRead                
00001241  MPU6050DataAccelGetRaw         
0000128d  MPU6050DataAccelGetFloat       
00001321  MPU6050DataGyroGetRaw          
00001371  MPU6050DataGyroGetFloat        
0000140d  UARTStdioConfig                
00001453  UARTwrite                      
00001499  UARTgets                       
00001553  UARTgetc                       
00001579  UARTvprintf                    
00001873  UARTprintf                     
000018a9  MPU6050_APP_CALL_BACK          
000018c5  MPU6050_I2C_INTERRUPT_HANDLER  
000018cf  MPU6050_APP_I2C_WAIT           
000018f7  I2C_RECEIVE                    
000018f9  I2C_TRANSMIT                   
000018fb  I2C_INIT                       
000018fd  UART_INTERRUPT_HANDLER         
00001933  UART_INIT                      
0000197d  main                           
00001ae9  GPIOPadConfigSet               
00001c19  SysCtlClockGet                 
00001d25  SysCtlClockSet                 
00001e15  __aeabi_memcpy                 
00001e15  __aeabi_memcpy4                
00001e15  __aeabi_memcpy8                
00001e15  memcpy                         
00001eb1  __aeabi_memclr                 
00001eb1  __aeabi_memclr4                
00001eb1  __aeabi_memclr8                
00001eb3  __aeabi_memset                 
00001eb3  __aeabi_memset4                
00001eb3  __aeabi_memset8                
00001eb9  memset                         
00001f2b  __aeabi_idiv0                  
00001f2d  __TI_auto_init                 
00001f9d  IntDisable                     
00002005  IntEnable                      
0000206d  __TI_decompress_lzss           
000020d5  IntIsEnabled                   
00002139  _c_int00                       
0000218d  C$$EXIT                        
00002191  abort                          
00002199  exit                           
000021e1  copy_in                        
0000222d  GPIOPinConfigure               
00002275  I2CMasterInitExpClk            
000022bd  UARTConfigSetExpClk            
000022ff  __aeabi_uidiv                  
000022ff  __aeabi_uidivmod               
0000233f  __mpu_init                     
00002341  SysCtlPeripheralPresent        
00002379  I2CMRead                       
000023af  I2CMWrite                      
000023e5  I2CMWriteBatched               
0000241b  _system_post_cinit             
0000241d  SysCtlPeripheralEnable         
00002451  GPIODirModeSet                 
0000247d  UARTDisable                    
00002499  _args_main                     
000024b1  UARTEnable                     
000024c5  _register_unlock               
000024cb  _register_lock                 
000024d3  _nop                           
000024d9  GPIOPinTypeI2C                 
000024eb  GPIOPinTypeI2CSCL              
000024fd  GPIOPinTypeUART                
0000250f  IntMasterEnable                
0000251f  __TI_decompress_none           
0000252d  CPUcpsie                       
00002539  IntTrigger                     
00002545  __TI_zero_init                 
00002551  ResetISR                       
0000255d  I2CMasterEnable                
00002567  UARTCharGet                    
00002571  UARTCharPut                    
0000257b  UARTIntStatus                  
00002585  I2CMasterIntClear              
0000258d  I2CMasterIntEnableEx           
00002595  I2CMasterSlaveAddrSet          
0000259d  UARTIntEnable                  
000025a5  SysCtlDelay                    
000025ab  UARTClockSourceSet             
000025b1  I2CMasterControl               
000025b5  I2CMasterDataGet               
000025b9  I2CMasterDataPut               
000025bd  UARTIntClear                   
000025c1  _system_pre_init               
00002794  __TI_Handler_Table_Base        
000027a0  __TI_Handler_Table_Limit       
000027a8  __TI_CINIT_Base                
000027b8  __TI_CINIT_Limit               
20000000  __stack                        
20000200  __STACK_END                    
20000200  __STACK_TOP                    
20000200  g_sI2CInst                     
20000324  g_sMPU6050Inst                 
2000035c  g_vui8DataFlag                 
20000360  g_vui8ErrorFlag                
20000364  __TI_cleanup_ptr               
20000368  __TI_dtors_ptr                 
2000036c  __TI_enable_exit_profile_output
20000370  _lock                          
20000374  _unlock                        
20000380  main_func_sp                   
ffffffff  __TI_pprof_out_hndl            
ffffffff  __TI_prof_data_size            
ffffffff  __TI_prof_data_start           
ffffffff  __binit__                      
ffffffff  __c_args__                     
ffffffff  binit                          
UNDEFED   SHT$$INIT_ARRAY$$Base          
UNDEFED   SHT$$INIT_ARRAY$$Limit         

[129 symbols]
