******************************************************************************
                  TI ARM Linker Unix v16.9.6                   
******************************************************************************
>> Linked Wed Mar 14 22:31:59 2018

OUTPUT FILE NAME:   <MarsRotaryManual.out>
ENTRY POINT SYMBOL: "_c_int00"  address: 00000c55


MEMORY CONFIGURATION

         name            origin    length      used     unused   attr    fill
----------------------  --------  ---------  --------  --------  ----  --------
  FLASH                 00000000   00040000  000010ce  0003ef32  R  X
  SRAM                  20000000   00008000  00000220  00007de0  RW X


SEGMENT ALLOCATION MAP

run origin  load origin   length   init length attrs members
----------  ----------- ---------- ----------- ----- -------
00000000    00000000    000010d4   000010d4    r-x
  00000000    00000000    0000026c   0000026c    r-- .intvecs
  0000026c    0000026c    00000d0e   00000d0e    r-x .text
  00000f7c    00000f7c    00000130   00000130    r-- .const
  000010b0    000010b0    00000024   00000024    r-- .cinit
20000000    20000000    00000220   00000000    rw-
  20000000    20000000    00000200   00000000    rw- .stack
  20000200    20000200    00000020   00000000    rw- .data


SECTION ALLOCATION MAP

 output                                  attributes/
section   page    origin      length       input sections
--------  ----  ----------  ----------   ----------------
.intvecs   0    00000000    0000026c     
                  00000000    0000026c     tm4c123gh6pm_startup_ccs.obj (.intvecs)

.text      0    0000026c    00000d0e     
                  0000026c    0000049c     uartstdio.obj (.text)
                  00000708    00000130     driverlib.lib : gpio.obj (.text:GPIOPadConfigSet)
                  00000838    000000f0                   : sysctl.obj (.text:SysCtlClockSet)
                  00000928    000000d4     main.obj (.text)
                  000009fc    0000009c     rtsv7M4_T_le_v4SPD16_eabi.lib : memcpy_t2.obj (.text)
                  00000a98    0000007a                                   : memset_t2.obj (.text)
                  00000b12    00000002                                   : i_div0.obj (.text)
                  00000b14    00000070                                   : autoinit.obj (.text)
                  00000b84    00000068     driverlib.lib : interrupt.obj (.text:IntEnable)
                  00000bec    00000068     rtsv7M4_T_le_v4SPD16_eabi.lib : copy_decompress_lzss.obj (.text:decompress:lzss)
                  00000c54    00000054                                   : boot.obj (.text)
                  00000ca8    00000054                                   : exit.obj (.text)
                  00000cfc    0000004c                                   : cpy_tbl.obj (.text)
                  00000d48    00000048     driverlib.lib : gpio.obj (.text:GPIOPinConfigure)
                  00000d90    00000042                   : uart.obj (.text:UARTConfigSetExpClk)
                  00000dd2    00000040     rtsv7M4_T_le_v4SPD16_eabi.lib : u_divt2.obj (.text)
                  00000e12    00000002                                   : mpu_init.obj (.text)
                  00000e14    00000038     driverlib.lib : sysctl.obj (.text:SysCtlPeripheralPresent)
                  00000e4c    00000034                   : sysctl.obj (.text:SysCtlPeripheralEnable)
                  00000e80    0000002a                   : gpio.obj (.text:GPIODirModeSet)
                  00000eaa    00000002     rtsv7M4_T_le_v4SPD16_eabi.lib : startup.obj (.text)
                  00000eac    0000001c     driverlib.lib : uart.obj (.text:UARTDisable)
                  00000ec8    00000018     rtsv7M4_T_le_v4SPD16_eabi.lib : args_main.obj (.text)
                  00000ee0    00000014     driverlib.lib : uart.obj (.text:UARTEnable)
                  00000ef4    00000014     rtsv7M4_T_le_v4SPD16_eabi.lib : _lock.obj (.text)
                  00000f08    00000012     driverlib.lib : gpio.obj (.text:GPIOPinTypeUART)
                  00000f1a    0000000e     rtsv7M4_T_le_v4SPD16_eabi.lib : copy_decompress_none.obj (.text:decompress:none)
                  00000f28    0000000c     Reorientation.obj (.text)
                  00000f34    0000000c     tm4c123gh6pm_startup_ccs.obj (.text)
                  00000f40    0000000a     driverlib.lib : uart.obj (.text:UARTCharGet)
                  00000f4a    0000000a                   : uart.obj (.text:UARTCharPut)
                  00000f54    0000000a                   : uart.obj (.text:UARTIntStatus)
                  00000f5e    00000008                   : uart.obj (.text:UARTIntEnable)
                  00000f66    00000006                   : sysctl.obj (.text:SysCtlDelay)
                  00000f6c    00000006                   : uart.obj (.text:UARTClockSourceSet)
                  00000f72    00000004                   : uart.obj (.text:UARTIntClear)
                  00000f76    00000004     rtsv7M4_T_le_v4SPD16_eabi.lib : pre_init.obj (.text)

.const     0    00000f7c    00000130     
                  00000f7c    00000090     driverlib.lib : gpio.obj (.const:g_pui32GPIOBaseAddrs)
                  0000100c    00000070                   : interrupt.obj (.const)
                  0000107c    00000012     uartstdio.obj (.const:.string)
                  0000108e    00000002     --HOLE-- [fill = 0]
                  00001090    0000000c     uartstdio.obj (.const:g_ui32UARTBase)
                  0000109c    0000000c     uartstdio.obj (.const:g_ui32UARTPeriph)
                  000010a8    00000004     uartstdio.obj (.const)

.cinit     0    000010b0    00000024     
                  000010b0    00000011     (.cinit..data.load) [load image, compression = lzss]
                  000010c1    00000003     --HOLE-- [fill = 0]
                  000010c4    00000008     (__TI_handler_table)
                  000010cc    00000008     (__TI_cinit_table)

.init_array 
*          0    00000000    00000000     UNINITIALIZED

.data      0    20000200    00000020     UNINITIALIZED
                  20000200    0000000c     rtsv7M4_T_le_v4SPD16_eabi.lib : exit.obj (.data:$O1$$)
                  2000020c    00000008                                   : _lock.obj (.data:$O1$$)
                  20000214    00000005     uartstdio.obj (.data)
                  20000219    00000003     --HOLE--
                  2000021c    00000004     rtsv7M4_T_le_v4SPD16_eabi.lib : stkdepth_vars.obj (.data)

.stack     0    20000000    00000200     UNINITIALIZED
                  20000000    00000200     --HOLE--

MODULE SUMMARY

       Module                         code   ro data   rw data
       ------                         ----   -------   -------
    ./
       uartstdio.obj                  1180   46        5      
       tm4c123gh6pm_startup_ccs.obj   12     620       0      
       main.obj                       212    0         0      
    +--+------------------------------+------+---------+---------+
       Total:                         1404   666       5      
                                                              
    ./Reorientation/
       Reorientation.obj              12     0         0      
    +--+------------------------------+------+---------+---------+
       Total:                         12     0         0      
                                                              
    /home/pintobean/ti/ccsv7/tools/compiler/ti-cgt-arm_16.9.6.LTS/lib/rtsv7M4_T_le_v4SPD16_eabi.lib
       memcpy_t2.obj                  156    0         0      
       memset_t2.obj                  122    0         0      
       autoinit.obj                   112    0         0      
       copy_decompress_lzss.obj       104    0         0      
       exit.obj                       84     0         12     
       boot.obj                       84     0         0      
       cpy_tbl.obj                    76     0         0      
       u_divt2.obj                    64     0         0      
       _lock.obj                      20     0         8      
       args_main.obj                  24     0         0      
       copy_decompress_none.obj       14     0         0      
       pre_init.obj                   4      0         0      
       stkdepth_vars.obj              0      0         4      
       i_div0.obj                     2      0         0      
       mpu_init.obj                   2      0         0      
       startup.obj                    2      0         0      
    +--+------------------------------+------+---------+---------+
       Total:                         870    0         24     
                                                              
    /home/pintobean/ti/tirtos_tivac_2_16_00_08/products/TivaWare_C_Series-2.1.1.71b/driverlib/ccs/Debug/driverlib.lib
       gpio.obj                       436    144       0      
       sysctl.obj                     354    0         0      
       interrupt.obj                  104    112       0      
       uart.obj                       162    0         0      
    +--+------------------------------+------+---------+---------+
       Total:                         1056   256       0      
                                                              
       Stack:                         0      0         512    
       Linker Generated:              0      33        0      
    +--+------------------------------+------+---------+---------+
       Grand Total:                   3342   955       541    


LINKER GENERATED COPY TABLES

__TI_cinit_table @ 000010cc records: 1, size/record: 8, table size: 8
	.data: load addr=000010b0, load size=00000011 bytes, run addr=20000200, run size=00000020 bytes, compression=lzss


LINKER GENERATED HANDLER TABLE

__TI_handler_table @ 000010c4 records: 2, size/record: 4, table size: 8
	index: 0, handler: __TI_decompress_lzss
	index: 1, handler: __TI_decompress_none


GLOBAL SYMBOLS: SORTED ALPHABETICALLY BY Name 

address   name                           
-------   ----                           
00000ca9  C$$EXIT                        
00000e81  GPIODirModeSet                 
00000709  GPIOPadConfigSet               
00000d49  GPIOPinConfigure               
00000f09  GPIOPinTypeUART                
0000092d  I2C_INIT                       
00000929  I2C_RECEIVE                    
0000092b  I2C_TRANSMIT                   
00000b85  IntEnable                      
00000f35  ResetISR                       
UNDEFED   SHT$$INIT_ARRAY$$Base          
UNDEFED   SHT$$INIT_ARRAY$$Limit         
00000839  SysCtlClockSet                 
00000f67  SysCtlDelay                    
00000e4d  SysCtlPeripheralEnable         
00000e15  SysCtlPeripheralPresent        
00000f41  UARTCharGet                    
00000f4b  UARTCharPut                    
00000f6d  UARTClockSourceSet             
00000d91  UARTConfigSetExpClk            
00000ead  UARTDisable                    
00000ee1  UARTEnable                     
00000f73  UARTIntClear                   
00000f5f  UARTIntEnable                  
00000f55  UARTIntStatus                  
0000026d  UARTStdioConfig                
00000965  UART_INIT                      
0000092f  UART_INTERRUPT_HANDLER         
000003b3  UARTgetc                       
000002f9  UARTgets                       
000006d3  UARTprintf                     
000003d9  UARTvprintf                    
000002b3  UARTwrite                      
20000200  __STACK_END                    
00000200  __STACK_SIZE                   
20000200  __STACK_TOP                    
000010cc  __TI_CINIT_Base                
000010d4  __TI_CINIT_Limit               
000010c4  __TI_Handler_Table_Base        
000010cc  __TI_Handler_Table_Limit       
00000b15  __TI_auto_init                 
20000200  __TI_cleanup_ptr               
00000bed  __TI_decompress_lzss           
00000f1b  __TI_decompress_none           
20000204  __TI_dtors_ptr                 
20000208  __TI_enable_exit_profile_output
ffffffff  __TI_pprof_out_hndl            
ffffffff  __TI_prof_data_size            
ffffffff  __TI_prof_data_start           
00000000  __TI_static_base__             
00000b13  __aeabi_idiv0                  
00000a99  __aeabi_memclr                 
00000a99  __aeabi_memclr4                
00000a99  __aeabi_memclr8                
000009fd  __aeabi_memcpy                 
000009fd  __aeabi_memcpy4                
000009fd  __aeabi_memcpy8                
00000a9b  __aeabi_memset                 
00000a9b  __aeabi_memset4                
00000a9b  __aeabi_memset8                
00000dd3  __aeabi_uidiv                  
00000dd3  __aeabi_uidivmod               
ffffffff  __binit__                      
ffffffff  __c_args__                     
00000e13  __mpu_init                     
20000000  __stack                        
00000ec9  _args_main                     
00000c55  _c_int00                       
2000020c  _lock                          
00000f03  _nop                           
00000efb  _register_lock                 
00000ef5  _register_unlock               
00000eab  _system_post_cinit             
00000f77  _system_pre_init               
20000210  _unlock                        
00000cad  abort                          
ffffffff  binit                          
00000cfd  copy_in                        
00000cb5  exit                           
00000f29  foo                            
00000000  g_pfnVectors                   
000009af  main                           
2000021c  main_func_sp                   
000009fd  memcpy                         
00000aa1  memset                         


GLOBAL SYMBOLS: SORTED BY Symbol Address 

address   name                           
-------   ----                           
00000000  __TI_static_base__             
00000000  g_pfnVectors                   
00000200  __STACK_SIZE                   
0000026d  UARTStdioConfig                
000002b3  UARTwrite                      
000002f9  UARTgets                       
000003b3  UARTgetc                       
000003d9  UARTvprintf                    
000006d3  UARTprintf                     
00000709  GPIOPadConfigSet               
00000839  SysCtlClockSet                 
00000929  I2C_RECEIVE                    
0000092b  I2C_TRANSMIT                   
0000092d  I2C_INIT                       
0000092f  UART_INTERRUPT_HANDLER         
00000965  UART_INIT                      
000009af  main                           
000009fd  __aeabi_memcpy                 
000009fd  __aeabi_memcpy4                
000009fd  __aeabi_memcpy8                
000009fd  memcpy                         
00000a99  __aeabi_memclr                 
00000a99  __aeabi_memclr4                
00000a99  __aeabi_memclr8                
00000a9b  __aeabi_memset                 
00000a9b  __aeabi_memset4                
00000a9b  __aeabi_memset8                
00000aa1  memset                         
00000b13  __aeabi_idiv0                  
00000b15  __TI_auto_init                 
00000b85  IntEnable                      
00000bed  __TI_decompress_lzss           
00000c55  _c_int00                       
00000ca9  C$$EXIT                        
00000cad  abort                          
00000cb5  exit                           
00000cfd  copy_in                        
00000d49  GPIOPinConfigure               
00000d91  UARTConfigSetExpClk            
00000dd3  __aeabi_uidiv                  
00000dd3  __aeabi_uidivmod               
00000e13  __mpu_init                     
00000e15  SysCtlPeripheralPresent        
00000e4d  SysCtlPeripheralEnable         
00000e81  GPIODirModeSet                 
00000eab  _system_post_cinit             
00000ead  UARTDisable                    
00000ec9  _args_main                     
00000ee1  UARTEnable                     
00000ef5  _register_unlock               
00000efb  _register_lock                 
00000f03  _nop                           
00000f09  GPIOPinTypeUART                
00000f1b  __TI_decompress_none           
00000f29  foo                            
00000f35  ResetISR                       
00000f41  UARTCharGet                    
00000f4b  UARTCharPut                    
00000f55  UARTIntStatus                  
00000f5f  UARTIntEnable                  
00000f67  SysCtlDelay                    
00000f6d  UARTClockSourceSet             
00000f73  UARTIntClear                   
00000f77  _system_pre_init               
000010c4  __TI_Handler_Table_Base        
000010cc  __TI_CINIT_Base                
000010cc  __TI_Handler_Table_Limit       
000010d4  __TI_CINIT_Limit               
20000000  __stack                        
20000200  __STACK_END                    
20000200  __STACK_TOP                    
20000200  __TI_cleanup_ptr               
20000204  __TI_dtors_ptr                 
20000208  __TI_enable_exit_profile_output
2000020c  _lock                          
20000210  _unlock                        
2000021c  main_func_sp                   
ffffffff  __TI_pprof_out_hndl            
ffffffff  __TI_prof_data_size            
ffffffff  __TI_prof_data_start           
ffffffff  __binit__                      
ffffffff  __c_args__                     
ffffffff  binit                          
UNDEFED   SHT$$INIT_ARRAY$$Base          
UNDEFED   SHT$$INIT_ARRAY$$Limit         

[85 symbols]
