******************************************************************************
                  TI ARM Linker PC v16.9.3                     
******************************************************************************
>> Linked Mon Dec 04 16:58:35 2017

OUTPUT FILE NAME:   <MarsMiniRover.out>
ENTRY POINT SYMBOL: "_c_int00"  address: 00004a11


MEMORY CONFIGURATION

         name            origin    length      used     unused   attr    fill
----------------------  --------  ---------  --------  --------  ----  --------
  FLASH                 00000000   00040000  00008792  0003786e  R  X
  SRAM                  20000000   00008000  000018a1  0000675f  RW X


SEGMENT ALLOCATION MAP

run origin  load origin   length   init length attrs members
----------  ----------- ---------- ----------- ----- -------
00000000    00000000    00008798   00008798    r-x
  00000000    00000000    0000003c   0000003c    r-- .resetVecs
  00000040    00000040    000066a2   000066a2    r-x .text
  000066e4    000066e4    00001e54   00001e54    r-- .const
  00008538    00008538    00000260   00000260    r-- .cinit
20000000    20000000    000018a4   00000000    rw-
  20000000    20000000    00000360   00000000    rw- .vecs
  20000360    20000360    00000d4f   00000000    rw- .bss
  200010b0    200010b0    000004f2   00000000    rw- .data
  200015a4    200015a4    00000300   00000000    rw- .stack


SECTION ALLOCATION MAP

 output                                  attributes/
section   page    origin      length       input sections
--------  ----  ----------  ----------   ----------------
.text      0    00000040    000066a2     
                  00000040    000004d0     TivaC_GPIO_Config.obj (.text:GPIOPinInfo)
                  00000510    00000430     sysbios.aem4f : BIOS.obj (.text:ti_sysbios_family_arm_m3_Hwi_excDumpRegs__I)
                  00000940    0000035c     TivaC_GPIO_Config.obj (.text:PWMPinInfo)
                  00000c9c    0000034c     ti.targets.arm.rtsarm.aem4f : System.oem4f (.text:xdc_runtime_System_doPrint__I)
                  00000fe8    00000324     rtsv7M4_T_le_v4SPD16_eabi.lib : trgdrv.obj (.text)
                  0000130c    00000004     driverlib.lib : uart.obj (.text:UARTIntClear)
                  00001310    000002c8     sysbios.aem4f : BIOS.obj (.text:ti_sysbios_knl_Semaphore_pend__E)
                  000015d8    00000258                   : BIOS.obj (.text:ti_sysbios_heaps_HeapMem_free__E)
                  00001830    00000248                   : BIOS.obj (.text:ti_sysbios_heaps_HeapMem_alloc__E)
                  00001a78    00000244     TivaC_GPIO_Config.obj (.text:UARTPinInfo)
                  00001cbc    00000004     app_pem4f.oem4f (.text:ti_sysbios_BIOS_RtsGateProxy_enter__E)
                  00001cc0    000001fc     sysbios.aem4f : BIOS.obj (.text:ti_sysbios_family_arm_m3_Hwi_excHandlerMax__I)
                  00001ebc    000001d0     main.obj (.text:Contrler_Task)
                  0000208c    0000018c     TivaC_GPIO_Config.obj (.text:GPIOSet)
                  00002218    00000174     sysbios.aem4f : BIOS.obj (.text:ti_sysbios_family_arm_m3_Hwi_excBusFault__I)
                  0000238c    00000004     app_pem4f.oem4f (.text:ti_sysbios_BIOS_RtsGateProxy_leave__E)
                  00002390    00000164     sysbios.aem4f : BIOS.obj (.text:ti_sysbios_family_arm_m3_Hwi_excUsageFault__I)
                  000024f4    00000004                   : BIOS.obj (.text:ti_sysbios_family_arm_lm4_Timer_masterEnable__I)
                  000024f8    00000148                   : BIOS.obj (.text:ti_sysbios_family_arm_lm4_Timer_start__E)
                  00002640    00000148                   : BIOS.obj (.text:ti_sysbios_family_arm_m3_Hwi_excMemFault__I)
                  00002788    0000013c                   : BIOS.obj (.text:ti_sysbios_heaps_HeapMem_Instance_init__E)
                  000028c4    00000130     driverlib.lib : gpio.obj (.text:GPIOPadConfigSet)
                  000029f4    00000118     ti.targets.arm.rtsarm.aem4f : Error.oem4f (.text:xdc_runtime_Error_policyDefault__E)
                  00002b0c    0000010c     driverlib.lib : sysctl.obj (.text:SysCtlClockGet)
                  00002c18    00000100     Boot.aem4f : Boot_sysctl.oem4f (.text:ti_catalog_arm_cortexm4_tiva_ce_Boot_sysCtlClockSetI__I)
                  00002d18    00000100     ti.targets.arm.rtsarm.aem4f : Core-mem.oem4f (.text:xdc_runtime_Core_createObject__I)
                  00002e18    000000f8                                 : Startup.oem4f (.text:xdc_runtime_Startup_startMods__I)
                  00002f10    000000f8     app_pem4f.oem4f (.text:xdc_runtime_System_printfExtend__I)
                  00003008    000000f4     sysbios.aem4f : m3_Hwi_asm.obj (.text:ti_sysbios_family_arm_m3_Hwi_dispatch__I)
                  000030fc    00000004     app_pem4f.oem4f (.text:ti_sysbios_family_arm_m3_TaskSupport_Module__startupDone__S)
                  00003100    000000ec     sysbios.aem4f : BIOS.obj (.text:ti_sysbios_knl_Semaphore_post__E)
                  000031ec    000000cc     ti.targets.arm.rtsarm.aem4f : Core-smem.oem4f (.text:xdc_runtime_Core_constructObject__I)
                  000032b8    000000c0     TivaC_GPIO_Config.obj (.text:UARTStringGet)
                  00003378    000000bc     TivaC_GPIO_Config.obj (.text:ADCPinInfo)
                  00003434    00000004     app_pem4f.oem4f (.text:ti_sysbios_hal_Timer_TimerProxy_start__E)
                  00003438    000000bc     sysbios.aem4f : BIOS.obj (.text:ti_sysbios_family_arm_m3_Hwi_excDebugMon__I)
                  000034f4    00000004     app_pem4f.oem4f (.text:ti_sysbios_heaps_HeapMem_Module_GateProxy_enter__E)
                  000034f8    000000bc     sysbios.aem4f : BIOS.obj (.text:ti_sysbios_family_arm_m3_Hwi_excHardFault__I)
                  000035b4    000000b4     TivaC_GPIO_Config.obj (.text:ADC0Setup)
                  00003668    000000b4     sysbios.aem4f : BIOS.obj (.text:ti_sysbios_gates_GateMutex_enter__E)
                  0000371c    00000004     app_pem4f.oem4f (.text:ti_sysbios_heaps_HeapMem_Module_GateProxy_leave__E)
                  00003720    000000b4     sysbios.aem4f : BIOS.obj (.text:ti_sysbios_knl_Task_checkStacks__E)
                  000037d4    00000004     app_pem4f.oem4f (.text:ti_sysbios_knl_Clock_TimerProxy_getMaxTicks__E)
                  000037d8    000000ac     sysbios.aem4f : BIOS.obj (.text:ti_sysbios_family_arm_lm4_Timer_enableTiva__I)
                  00003884    00000004     app_pem4f.oem4f (.text:ti_sysbios_knl_Queue_destruct)
                  00003888    000000a8     sysbios.aem4f : BIOS.obj (.text:ti_sysbios_family_arm_lm4_Timer_enableTimers__I)
                  00003930    000000a8                   : BIOS.obj (.text:ti_sysbios_knl_Task_postInit__I)
                  000039d8    000000a0     auto_init.aem4f : auto_init.oem4f (.text)
                  00003a78    000000a0     ti.targets.arm.rtsarm.aem4f : Text.oem4f (.text:xdc_runtime_Text_putMod__E)
                  00003b18    0000009c     rtsv7M4_T_le_v4SPD16_eabi.lib : memcpy_t2.obj (.text)
                  00003bb4    00000004     app_pem4f.oem4f (.text:ti_sysbios_knl_Semaphore_destruct)
                  00003bb8    0000009c     sysbios.aem4f : BIOS.obj (.text:ti_sysbios_knl_Semaphore_Instance_init__E)
                  00003c54    0000009a     ti.targets.arm.rtsarm.aem4f : Text.oem4f (.text:xdc_runtime_Text_putSite__E)
                  00003cee    00000002     main.obj (.text:Robot_Idle)
                  00003cf0    00000098     Boot.aem4f : Boot.oem4f (.text:ti_catalog_arm_cortexm4_tiva_ce_Boot_sysCtlClockSet__E)
                  00003d88    00000094     sysbios.aem4f : BIOS.obj (.text:ti_sysbios_family_arm_m3_Hwi_initNVIC__E)
                  00003e1c    0000008c                   : m3_TaskSupport_asm.obj (.text:ti_sysbios_family_arm_m3_TaskSupport_buildTaskStack)
                  00003ea8    00000084     main.obj (.text:GPIOInit)
                  00003f2c    00000004     ti.targets.arm.rtsarm.aem4f : Error.oem4f (.text:xdc_runtime_Error_getSite__E)
                  00003f30    00000084     sysbios.aem4f : BIOS.obj (.text:ti_sysbios_family_arm_m3_Hwi_postInit__I)
                  00003fb4    00000080     TivaC_GPIO_Config.obj (.text:integerToString)
                  00004034    0000007c     TivaC_GPIO_Config.obj (.text:setPinsToWTF)
                  000040b0    0000007a     driverlib.lib : adc.obj (.text:ADCSequenceStepConfigure)
                  0000412a    0000007a     rtsv7M4_T_le_v4SPD16_eabi.lib : memset_t2.obj (.text)
                  000041a4    00000070     TivaC_GPIO_Config.obj (.text:UARTPrintln)
                  00004214    00000004     app_pem4f.oem4f (.text:xdc_runtime_System_Module_GateProxy_enter__E)
                  00004218    00000070     sysbios.aem4f : BIOS.obj (.text:ti_sysbios_knl_Task_exit__E)
                  00004288    0000006d     ti.targets.arm.rtsarm.aem4f : System.oem4f (.text:xdc_runtime_System_formatNum__I)
                  000042f5    00000001     --HOLE-- [fill = 0]
                  000042f6    00000002     rtsv7M4_T_le_v4SPD16_eabi.lib : i_div0.obj (.text)
                  000042f8    0000006c     sysbios.aem4f : BIOS.obj (.text:ti_sysbios_knl_Clock_workFunc__E)
                  00004364    00000004     app_pem4f.oem4f (.text:xdc_runtime_System_Module_GateProxy_leave__E)
                  00004368    0000006c     sysbios.aem4f : BIOS.obj (.text:ti_sysbios_knl_Swi_restoreHwi__E)
                  000043d4    0000006c     ti.targets.arm.rtsarm.aem4f : Error.oem4f (.text:xdc_runtime_Error_print__E)
                  00004440    0000006c                                 : Memory.oem4f (.text:xdc_runtime_Memory_alloc__E)
                  000044ac    00000068     rtsv7M4_T_le_v4SPD16_eabi.lib : copy_decompress_lzss.obj (.text:decompress:lzss)
                  00004514    00000068                                   : trgmsg.obj (.text)
                  0000457c    00000066     ti.targets.arm.rtsarm.aem4f : Core-mem.oem4f (.text:xdc_runtime_Core_deleteObject__I)
                  000045e2    00000006     driverlib.lib : gpio.obj (.text:GPIOPinWrite)
                  000045e8    00000064     sysbios.aem4f : BIOS.obj (.text:ti_sysbios_family_arm_lm4_Timer_Module_startup__E)
                  0000464c    00000004     ti.targets.arm.rtsarm.aem4f : System.oem4f (.text:xdc_runtime_System_aprintf_va__F)
                  00004650    00000064     sysbios.aem4f : BIOS.obj (.text:ti_sysbios_family_arm_m3_Hwi_dispatchC__I)
                  000046b4    00000060     main.obj (.text:Bluetooth_UART_Hwi)
                  00004714    00000004     ti.targets.arm.rtsarm.aem4f : System.oem4f (.text:xdc_runtime_System_printf_va__F)
                  00004718    00000060     sysbios.aem4f : BIOS.obj (.text:ti_sysbios_family_arm_lm4_Timer_isrStub__E)
                  00004778    00000060                   : BIOS.obj (.text:ti_sysbios_knl_Task_schedule__I)
                  000047d8    0000005c     TivaC_GPIO_Config.obj (.text:UARTStringPut)
                  00004834    00000002     app_pem4f.oem4f (.text:ti_sysbios_BIOS_nullFunc__I)
                  00004836    00000002     app_pem4f.oem4f (.text:xdc_runtime_Startup_reset__I)
                  00004838    0000005c     sysbios.aem4f : BIOS.obj (.text:ti_sysbios_knl_Swi_run__I)
                  00004894    00000004     --HOLE-- [fill = 0]
                  00004898    0000005c                   : BIOS.obj (.text:ti_sysbios_knl_Swi_schedule__I)
                  000048f4    00000004     --HOLE-- [fill = 0]
                  000048f8    0000005c                   : BIOS.obj (.text:ti_sysbios_knl_Task_Module_startup__E)
                  00004954    00000004     --HOLE-- [fill = 0]
                  00004958    0000005c                   : BIOS.obj (.text:ti_sysbios_knl_Task_startCore__E)
                  000049b4    0000005b     ti.targets.arm.rtsarm.aem4f : Text.oem4f (.text:xdc_runtime_Text_putLab__E)
                  00004a0f    00000001     --HOLE-- [fill = 0]
                  00004a10    00000058     boot.aem4f : boot.oem4f (.text)
                  00004a68    00000058     sysbios.aem4f : m3_Hwi_asm_switch.obj (.text:ti_sysbios_family_arm_m3_Hwi_initStacks__E)
                  00004ac0    00000054     rtsv7M4_T_le_v4SPD16_eabi.lib : exit.obj (.text)
                  00004b14    00000054     ti.targets.arm.rtsarm.aem4f : Assert.oem4f (.text:xdc_runtime_Assert_raise__I)
                  00004b68    00000052     TivaC_GPIO_Config.obj (.text:stringToInteger)
                  00004bba    00000002     --HOLE-- [fill = 0]
                  00004bbc    00000050     TivaC_GPIO_Config.obj (.text:setPWMDuty)
                  00004c0c    00000050     TivaC_GPIO_Config.obj (.text:setPWMOff)
                  00004c5c    00000050     TivaC_GPIO_Config.obj (.text:setPWMOn)
                  00004cac    00000004     --HOLE-- [fill = 0]
                  00004cb0    00000050     sysbios.aem4f : BIOS.obj (.text:ti_sysbios_family_arm_m3_Hwi_Module_startup__E)
                  00004d00    00000050     ti.targets.arm.rtsarm.aem4f : Startup.oem4f (.text:xdc_runtime_Startup_exec__E)
                  00004d50    00000050                                 : Text.oem4f (.text:xdc_runtime_Text_visitRope2__I)
                  00004da0    0000004c     TivaC_GPIO_Config.obj (.text:GPIOWrite)
                  00004dec    0000004c     rtsv7M4_T_le_v4SPD16_eabi.lib : cpy_tbl.obj (.text)
                  00004e38    0000004c     sysbios.aem4f : BIOS.obj (.text:ti_sysbios_heaps_HeapMem_getStats__E)
                  00004e84    00000004     --HOLE-- [fill = 0]
                  00004e88    0000004c                   : BIOS.obj (.text:ti_sysbios_knl_Swi_runLoop__I)
                  00004ed4    00000004     --HOLE-- [fill = 0]
                  00004ed8    0000004c                   : BIOS.obj (.text:ti_sysbios_knl_Task_allBlockedFunction__I)
                  00004f24    00000048     driverlib.lib : gpio.obj (.text:GPIOPinConfigure)
                  00004f6c    00000004     --HOLE-- [fill = 0]
                  00004f70    00000048     sysbios.aem4f : BIOS.obj (.text:ti_sysbios_family_arm_m3_Hwi_disableInterrupt__E)
                  00004fb8    00000048                   : BIOS.obj (.text:ti_sysbios_family_arm_m3_Hwi_enableInterrupt__E)
                  00005000    00000048                   : BIOS.obj (.text:ti_sysbios_family_arm_m3_Hwi_excReserved__I)
                  00005048    00000046     ti.targets.arm.rtsarm.aem4f : Core-params.oem4f (.text:xdc_runtime_Core_assignParams__I)
                  0000508e    00000002     --HOLE-- [fill = 0]
                  00005090    00000044     main.obj (.text:SetSpeed)
                  000050d4    00000044     TivaC_GPIO_Config.obj (.text:UARTIntegerPut)
                  00005118    00000044     sysbios.aem4f : BIOS.obj (.text:ti_sysbios_family_arm_lm4_Timer_stop__E)
                  0000515c    00000004     --HOLE-- [fill = 0]
                  00005160    00000044                   : BIOS.obj (.text:ti_sysbios_family_arm_m3_Hwi_getStackInfo__E)
                  000051a4    00000004     --HOLE-- [fill = 0]
                  000051a8    00000044                   : BIOS.obj (.text:ti_sysbios_knl_Swi_post__E)
                  000051ec    00000044     ti.targets.arm.rtsarm.aem4f : Error.oem4f (.text:xdc_runtime_Error_setX__E)
                  00005230    00000044                                 : SysMin.oem4f (.text:xdc_runtime_SysMin_flush__E)
                  00005274    00000044                                 : Text.oem4f (.text:xdc_runtime_Text_xprintf__I)
                  000052b8    00000042     driverlib.lib : uart.obj (.text:UARTConfigSetExpClk)
                  000052fa    00000040     rtsv7M4_T_le_v4SPD16_eabi.lib : u_divt2.obj (.text)
                  0000533a    00000006     Boot.aem4f : Boot_sysctl.oem4f (.text:ti_catalog_arm_cortexm4_tiva_ce_Boot_sysCtlDelayI__I)
                  00005340    00000040     sysbios.aem4f : BIOS.obj (.text:ti_sysbios_family_arm_lm4_Timer_startup__E)
                  00005380    0000003e     driverlib.lib : adc.obj (.text:ADCSequenceConfigure)
                  000053be    00000002     --HOLE-- [fill = 0]
                  000053c0    0000003d     main.obj (.text:main)
                  000053fd    00000003     --HOLE-- [fill = 0]
                  00005400    0000003c     TivaC_GPIO_Config.obj (.text:UARTIntegerGet)
                  0000543c    00000004     --HOLE-- [fill = 0]
                  00005440    0000003c     sysbios.aem4f : BIOS.obj (.text:ti_sysbios_family_arm_m3_Hwi_excSvCall__I)
                  0000547c    00000004     --HOLE-- [fill = 0]
                  00005480    0000003c                   : BIOS.obj (.text:ti_sysbios_heaps_HeapMem_init__I)
                  000054bc    00000004     --HOLE-- [fill = 0]
                  000054c0    0000003c                   : BIOS.obj (.text:ti_sysbios_knl_Swi_restore__E)
                  000054fc    00000038     main.obj (.text:MoveBackLeft)
                  00005534    00000038     main.obj (.text:MoveBackRight)
                  0000556c    00000038     main.obj (.text:MoveSlighLeft)
                  000055a4    00000038     main.obj (.text:MoveSlightRight)
                  000055dc    00000038     TivaC_GPIO_Config.obj (.text:UARTSetBaud)
                  00005614    00000004     --HOLE-- [fill = 0]
                  00005618    00000038     sysbios.aem4f : BIOS.obj (.text:ti_sysbios_family_arm_m3_Hwi_excNoIsr__I)
                  00005650    00000038                   : BIOS.obj (.text:ti_sysbios_knl_Task_processVitalTaskFlag__I)
                  00005688    00000038     ti.targets.arm.rtsarm.aem4f : SysMin.oem4f (.text:xdc_runtime_SysMin_putch__E)
                  000056c0    00000038                                 : System.oem4f (.text:xdc_runtime_System_atexit__E)
                  000056f8    00000034     driverlib.lib : sysctl.obj (.text:SysCtlPeripheralEnable)
                  0000572c    00000004     --HOLE-- [fill = 0]
                  00005730    00000034     sysbios.aem4f : BIOS.obj (.text:ti_sysbios_family_arm_m3_Hwi_excNmi__I)
                  00005764    00000004     --HOLE-- [fill = 0]
                  00005768    00000034                   : BIOS.obj (.text:ti_sysbios_hal_Hwi_checkStack)
                  0000579c    00000034     ti.targets.arm.rtsarm.aem4f : Core-label.oem4f (.text:xdc_runtime_Core_assignLabel__I)
                  000057d0    00000033                                 : Text.oem4f (.text:xdc_runtime_Text_printVisFxn__I)
                  00005803    00000005     --HOLE-- [fill = 0]
                  00005808    00000032     sysbios.aem4f : BIOS.obj (.text:ti_sysbios_hal_Hwi_initStack)
                  0000583a    00000002     --HOLE-- [fill = 0]
                  0000583c    00000030     main.obj (.text:MoveForward)
                  0000586c    00000030     main.obj (.text:RotateLeft)
                  0000589c    00000030     main.obj (.text:RotateRight)
                  000058cc    00000030     app_pem4f.oem4f (.text:ti_sysbios_BIOS_atExitFunc__I)
                  000058fc    00000004     --HOLE-- [fill = 0]
                  00005900    00000030     sysbios.aem4f : BIOS.obj (.text:ti_sysbios_family_arm_m3_TaskSupport_start__E)
                  00005930    00000030     app_pem4f.oem4f (.text:ti_sysbios_gates_GateHwi_Object__create__S)
                  00005960    00000030     app_pem4f.oem4f (.text:ti_sysbios_gates_GateMutex_Object__create__S)
                  00005990    00000030     app_pem4f.oem4f (.text:ti_sysbios_heaps_HeapMem_Object__create__S)
                  000059c0    00000030     app_pem4f.oem4f (.text:ti_sysbios_knl_Semaphore_construct)
                  000059f0    00000030     sysbios.aem4f : BIOS.obj (.text:ti_sysbios_knl_Semaphore_pendTimeout__I)
                  00005a20    00000030                   : BIOS.obj (.text:ti_sysbios_knl_Task_unblockI__E)
                  00005a50    00000030     ti.targets.arm.rtsarm.aem4f : SysMin.oem4f (.text:xdc_runtime_SysMin_abort__E)
                  00005a80    00000030                                 : System.oem4f (.text:xdc_runtime_System_processAtExit__E)
                  00005ab0    0000002c     main.obj (.text:DefaultBluetoothSetup)
                  00005adc    0000002c     main.obj (.text:MoveBackward)
                  00005b08    0000002c     main.obj (.text:MoveLeft)
                  00005b34    0000002c     main.obj (.text:MoveRight)
                  00005b60    0000002c     TivaC_GPIO_Config.obj (.text:UARTClearInt)
                  00005b8c    0000002c     TivaC_GPIO_Config.obj (.text:UARTEnableInt)
                  00005bb8    0000002c     TivaC_GPIO_Config.obj (.text:UARTGetChar)
                  00005be4    0000002c     app_pem4f.oem4f (.text:ti_sysbios_knl_Clock_doTick__I)
                  00005c10    0000002c     app_pem4f.oem4f (.text:ti_sysbios_knl_Queue_construct)
                  00005c3c    00000004     --HOLE-- [fill = 0]
                  00005c40    0000002c     sysbios.aem4f : BIOS.obj (.text:ti_sysbios_knl_Task_restore__E)
                  00005c6c    0000002c     ti.targets.arm.rtsarm.aem4f : Text.oem4f (.text:xdc_runtime_Text_cordText__E)
                  00005c98    0000002a     driverlib.lib : gpio.obj (.text:GPIODirModeSet)
                  00005cc2    0000002a     ti.targets.arm.rtsarm.aem4f : System.oem4f (.text:xdc_runtime_System_putchar__I)
                  00005cec    00000004     --HOLE-- [fill = 0]
                  00005cf0    00000028     sysbios.aem4f : BIOS.obj (.text:ti_sysbios_knl_Swi_Module_startup__E)
                  00005d18    00000026                   : m3_Hwi_asm.obj (.text:ti_sysbios_family_arm_m3_Hwi_pendSV__I)
                  00005d3e    00000026     ti.targets.arm.rtsarm.aem4f : System.oem4f (.text:xdc_runtime_System_avprintf__E)
                  00005d64    00000024     app_pem4f.oem4f (.text:ti_sysbios_BIOS_errorRaiseHook__I)
                  00005d88    00000024     app_pem4f.oem4f (.text:ti_sysbios_BIOS_registerRTSLock__I)
                  00005dac    00000024     app_pem4f.oem4f (.text:ti_sysbios_BIOS_removeRTSLock__I)
                  00005dd0    00000024     app_pem4f.oem4f (.text:ti_sysbios_BIOS_startFunc__I)
                  00005df4    00000024     app_pem4f.oem4f (.text:ti_sysbios_gates_GateMutex_Object__delete__S)
                  00005e18    00000024     sysbios.aem4f : BIOS.obj (.text:ti_sysbios_knl_Clock_Module_startup__E)
                  00005e3c    00000004     --HOLE-- [fill = 0]
                  00005e40    00000024                   : BIOS.obj (.text:ti_sysbios_knl_Task_restoreHwi__E)
                  00005e64    00000024     ti.targets.arm.rtsarm.aem4f : System.oem4f (.text:xdc_runtime_System_vprintf__E)
                  00005e88    00000022     driverlib.lib : pwm.obj (.text:PWMGenConfigure)
                  00005eaa    00000006     ti.targets.arm.rtsarm.aem4f : System.oem4f (.text:xdc_runtime_System_Module_startup__E)
                  00005eb0    00000022     sysbios.aem4f : BIOS.obj (.text:ti_sysbios_family_arm_lm4_Timer_write__I)
                  00005ed2    00000022     app_pem4f.oem4f (.text:xdc_runtime_SysMin_output__I)
                  00005ef4    00000020     app_pem4f.oem4f (.text:ti_sysbios_BIOS_rtsLock__I)
                  00005f14    00000020     sysbios.aem4f : m3_Hwi_asm.obj (.text:ti_sysbios_family_arm_m3_Hwi_excHandlerAsm__I)
                  00005f34    00000004     --HOLE-- [fill = 0]
                  00005f38    00000020                   : BIOS.obj (.text:ti_sysbios_family_arm_m3_Hwi_excHandler__I)
                  00005f58    00000020     app_pem4f.oem4f (.text:ti_sysbios_gates_GateHwi_Object__delete__S)
                  00005f78    00000020     app_pem4f.oem4f (.text:ti_sysbios_heaps_HeapMem_Object__delete__S)
                  00005f98    00000020     sysbios.aem4f : BIOS.obj (.text:ti_sysbios_knl_Idle_run__E)
                  00005fb8    00000020     app_pem4f.oem4f (.text:ti_sysbios_knl_Semaphore_Object__destruct__S)
                  00005fd8    00000020     ti.targets.arm.rtsarm.aem4f : Registry.oem4f (.text:xdc_runtime_Registry_findById__E)
                  00005ff8    00000020                                 : SysMin.oem4f (.text:xdc_runtime_SysMin_Module_startup__E)
                  00006018    0000001e     driverlib.lib : pwm.obj (.text:PWMPulseWidthSet)
                  00006036    0000001e     sysbios.aem4f : m3_Hwi_asm_switch.obj (.text:ti_sysbios_family_xxx_Hwi_switchAndRunFunc)
                  00006054    0000001c     driverlib.lib : uart.obj (.text:UARTDisable)
                  00006070    0000001c     sysbios.aem4f : BIOS.obj (.text:ti_sysbios_gates_GateMutex_Instance_init__E)
                  0000608c    0000001c     app_pem4f.oem4f (.text:ti_sysbios_knl_Queue_Object__destruct__S)
                  000060a8    0000001c     sysbios.aem4f : BIOS.obj (.text:ti_sysbios_knl_Task_enter__I)
                  000060c4    0000001c     ti.targets.arm.rtsarm.aem4f : Error.oem4f (.text:xdc_runtime_Error_raiseX__E)
                  000060e0    0000001c                                 : Memory.oem4f (.text:xdc_runtime_Memory_valloc__E)
                  000060fc    0000001c                                 : SysMin.oem4f (.text:xdc_runtime_SysMin_exit__E)
                  00006118    0000001c                                 : System.oem4f (.text:xdc_runtime_System_abort__E)
                  00006134    0000001a     app_pem4f.oem4f (.text:ti_sysbios_family_arm_m3_Hwi_Handle__label__S)
                  0000614e    0000001a     app_pem4f.oem4f (.text:ti_sysbios_gates_GateHwi_Handle__label__S)
                  00006168    0000001a     app_pem4f.oem4f (.text:ti_sysbios_gates_GateMutex_Handle__label__S)
                  00006182    0000001a     app_pem4f.oem4f (.text:ti_sysbios_heaps_HeapMem_Handle__label__S)
                  0000619c    0000001a     app_pem4f.oem4f (.text:ti_sysbios_knl_Swi_Handle__label__S)
                  000061b6    0000001a     app_pem4f.oem4f (.text:ti_sysbios_knl_Task_Handle__label__S)
                  000061d0    0000001a     app_pem4f.oem4f (.text:xdc_runtime_System_aprintf__E)
                  000061ea    0000001a     app_pem4f.oem4f (.text:xdc_runtime_System_printf__E)
                  00006204    00000018     driverlib.lib : gpio.obj (.text:GPIOPinTypeGPIOOutput)
                  0000621c    00000018     rtsv7M4_T_le_v4SPD16_eabi.lib : args_main.obj (.text)
                  00006234    00000018     app_pem4f.oem4f (.text:ti_sysbios_BIOS_rtsUnlock__I)
                  0000624c    00000018     app_pem4f.oem4f (.text:ti_sysbios_family_arm_lm4_Timer_Module__startupDone__F)
                  00006264    00000018     app_pem4f.oem4f (.text:ti_sysbios_family_arm_m3_Hwi_Module__startupDone__F)
                  0000627c    00000018     sysbios.aem4f : m3_TaskSupport_asm.obj (.text:ti_sysbios_family_arm_m3_TaskSupport_swap__E)
                  00006294    00000004     --HOLE-- [fill = 0]
                  00006298    00000018                   : BIOS.obj (.text:ti_sysbios_gates_GateMutex_leave__E)
                  000062b0    00000018     ti.targets.arm.rtsarm.aem4f : Error.oem4f (.text:xdc_runtime_Error_check__E)
                  000062c8    00000018                                 : System.oem4f (.text:xdc_runtime_System_exit__E)
                  000062e0    00000018                                 : Text.oem4f (.text:xdc_runtime_Text_ropeText__E)
                  000062f8    00000016     app_pem4f.oem4f (.text:ti_sysbios_BIOS_exitFunc__I)
                  0000630e    00000002     --HOLE-- [fill = 0]
                  00006310    00000014     driverlib.lib : sysctl.obj (.text:SysCtlPWMClockSet)
                  00006324    00000014                   : uart.obj (.text:UARTEnable)
                  00006338    00000014     rtsv7M4_T_le_v4SPD16_eabi.lib : _lock.obj (.text)
                  0000634c    00000014                                   : strcpy.obj (.text)
                  00006360    00000014                                   : strlen.obj (.text)
                  00006374    00000014     app_pem4f.oem4f (.text:ti_sysbios_family_arm_m3_Hwi_Object__get__S)
                  00006388    00000014     sysbios.aem4f : BIOS.obj (.text:ti_sysbios_family_arm_m3_Hwi_switchFromBootStack__E)
                  0000639c    00000014     app_pem4f.oem4f (.text:ti_sysbios_heaps_HeapMem_Object__get__S)
                  000063b0    00000014     app_pem4f.oem4f (.text:ti_sysbios_knl_Swi_Object__get__S)
                  000063c4    00000012     driverlib.lib : gpio.obj (.text:GPIOPinTypeADC)
                  000063d6    00000012                   : gpio.obj (.text:GPIOPinTypeGPIOInput)
                  000063e8    00000012                   : gpio.obj (.text:GPIOPinTypePWM)
                  000063fa    00000012                   : gpio.obj (.text:GPIOPinTypeUART)
                  0000640c    00000012                   : pwm.obj (.text:PWMOutputState)
                  0000641e    00000002     --HOLE-- [fill = 0]
                  00006420    00000012     sysbios.aem4f : BIOS.obj (.text:ti_sysbios_hal_Hwi_Module_startup__E)
                  00006432    00000006     --HOLE-- [fill = 0]
                  00006438    00000012                   : BIOS.obj (.text:ti_sysbios_hal_Timer_Module_startup__E)
                  0000644a    00000012     app_pem4f.oem4f (.text:xdc_runtime_Startup_exec__I)
                  0000645c    00000010     driverlib.lib : pwm.obj (.text:PWMGenPeriodSet)
                  0000646c    00000010     main.obj (.text:StartMoving)
                  0000647c    00000010     main.obj (.text:StopMoving)
                  0000648c    00000004     --HOLE-- [fill = 0]
                  00006490    00000010     sysbios.aem4f : BIOS.obj (.text:ti_sysbios_BIOS_setThreadType__E)
                  000064a0    00000010                   : BIOS.obj (.text:ti_sysbios_BIOS_start__E)
                  000064b0    00000010                   : m3_TaskSupport_asm.obj (.text:ti_sysbios_family_arm_m3_TaskSupport_glue)
                  000064c0    00000010                   : BIOS.obj (.text:ti_sysbios_gates_GateMutex_Instance_finalize__E)
                  000064d0    00000010                   : BIOS.obj (.text:ti_sysbios_knl_Semaphore_Instance_finalize__E)
                  000064e0    00000010                   : BIOS.obj (.text:ti_sysbios_knl_Swi_disable__E)
                  000064f0    00000010     app_pem4f.oem4f (.text:ti_sysbios_knl_Task_Object__get__S)
                  00006500    00000010     sysbios.aem4f : BIOS.obj (.text:ti_sysbios_knl_Task_disable__E)
                  00006510    00000010     ti.targets.arm.rtsarm.aem4f : Gate.oem4f (.text:xdc_runtime_Gate_leaveSystem__E)
                  00006520    00000010                                 : Memory.oem4f (.text:xdc_runtime_Memory_free__E)
                  00006530    00000010                                 : SysMin.oem4f (.text:xdc_runtime_SysMin_ready__E)
                  00006540    00000010                                 : System.oem4f (.text:xdc_runtime_System_vsnprintf__E)
                  00006550    00000010     app_pem4f.oem4f (.text:xdc_runtime_Text_visitRope__I)
                  00006560    0000000e     driverlib.lib : adc.obj (.text:ADCSequenceDisable)
                  0000656e    0000000e                   : adc.obj (.text:ADCSequenceEnable)
                  0000657c    0000000e     rtsv7M4_T_le_v4SPD16_eabi.lib : copy_decompress_none.obj (.text:decompress:none)
                  0000658a    00000006     --HOLE-- [fill = 0]
                  00006590    0000000e     sysbios.aem4f : BIOS.obj (.text:ti_sysbios_knl_Idle_loop__E)
                  0000659e    00000002     --HOLE-- [fill = 0]
                  000065a0    0000000e                   : BIOS.obj (.text:ti_sysbios_knl_Queue_empty__E)
                  000065ae    00000002     --HOLE-- [fill = 0]
                  000065b0    0000000c     app_pem4f.oem4f (.text:.bootCodeSection:ti_catalog_arm_cortexm4_tiva_ce_Boot_init__I)
                  000065bc    0000000c     driverlib.lib : pwm.obj (.text:PWMGenEnable)
                  000065c8    0000000c                   : uart.obj (.text:UARTCharsAvail)
                  000065d4    0000000c     rtsv7M4_T_le_v4SPD16_eabi.lib : copy_zero_init.obj (.text:decompress:ZI)
                  000065e0    0000000c     sysbios.aem4f : BIOS.obj (.text:ti_sysbios_family_arm_lm4_Timer_getMaxTicks__E)
                  000065ec    00000004     --HOLE-- [fill = 0]
                  000065f0    0000000c                   : BIOS.obj (.text:ti_sysbios_family_arm_m3_TaskSupport_checkStack__E)
                  000065fc    00000004     --HOLE-- [fill = 0]
                  00006600    0000000c                   : BIOS.obj (.text:ti_sysbios_gates_GateHwi_enter__E)
                  0000660c    0000000c     app_pem4f.oem4f (.text:ti_sysbios_knl_Queue_Object__get__S)
                  00006618    0000000c     ti.targets.arm.rtsarm.aem4f : Error.oem4f (.text:xdc_runtime_Error_init__E)
                  00006624    0000000c                                 : Gate.oem4f (.text:xdc_runtime_Gate_enterSystem__E)
                  00006630    0000000c                                 : Memory.oem4f (.text:xdc_runtime_Memory_calloc__E)
                  0000663c    0000000c                                 : Memory.oem4f (.text:xdc_runtime_Memory_getMaxDefaultTypeAlign__E)
                  00006648    0000000a     driverlib.lib : uart.obj (.text:UARTCharGet)
                  00006652    0000000a                   : uart.obj (.text:UARTCharPut)
                  0000665c    0000000a     app_pem4f.oem4f (.text:xdc_runtime_IHeap_alloc)
                  00006666    0000000a     app_pem4f.oem4f (.text:xdc_runtime_IHeap_free)
                  00006670    00000008     driverlib.lib : uart.obj (.text:UARTIntEnable)
                  00006678    00000008     sysbios.aem4f : BIOS.obj (.text:ti_sysbios_family_arm_lm4_Timer_masterDisable__I)
                  00006680    00000008                   : BIOS.obj (.text:ti_sysbios_family_arm_m3_Hwi_doSwiRestore__I)
                  00006688    00000008                   : BIOS.obj (.text:ti_sysbios_family_arm_m3_Hwi_startup__E)
                  00006690    00000006                   : BIOS.obj (.text:ti_sysbios_family_arm_m3_Hwi_doTaskRestore__I)
                  00006696    00000002     --HOLE-- [fill = 0]
                  00006698    00000006                   : BIOS.obj (.text:ti_sysbios_gates_GateHwi_leave__E)
                  0000669e    00000002     --HOLE-- [fill = 0]
                  000066a0    00000006                   : BIOS.obj (.text:ti_sysbios_hal_Timer_start__E)
                  000066a6    00000002     --HOLE-- [fill = 0]
                  000066a8    00000006                   : BIOS.obj (.text:ti_sysbios_heaps_HeapMem_isBlocking__E)
                  000066ae    00000002     --HOLE-- [fill = 0]
                  000066b0    00000006                   : BIOS.obj (.text:ti_sysbios_knl_Queue_Instance_init__E)
                  000066b6    00000002     --HOLE-- [fill = 0]
                  000066b8    00000006                   : BIOS.obj (.text:ti_sysbios_knl_Swi_startup__E)
                  000066be    00000002     --HOLE-- [fill = 0]
                  000066c0    00000004                   : BIOS.obj (.text:ti_sysbios_gates_GateHwi_query__E)
                  000066c4    00000004     --HOLE-- [fill = 0]
                  000066c8    00000004                   : BIOS.obj (.text:ti_sysbios_gates_GateMutex_query__E)
                  000066cc    00000004     --HOLE-- [fill = 0]
                  000066d0    00000004                   : BIOS.obj (.text:ti_sysbios_knl_Task_startup__E)
                  000066d4    00000004     --HOLE-- [fill = 0]
                  000066d8    00000002                   : BIOS.obj (.text:ti_sysbios_gates_GateHwi_Instance_init__E)
                  000066da    00000006     --HOLE-- [fill = 0]
                  000066e0    00000002                   : BIOS.obj (.text:ti_sysbios_knl_Clock_logTick__E)

.const     0    000066e4    00001e54     
                  000066e4    00001896     app_pem4f.oem4f (.const:xdc_runtime_Text_charTab__A)
                  00007f7a    000000c0     app_pem4f.oem4f (.const:xdc_runtime_Text_nodeTab__A)
                  0000803a    00000002     app_pem4f.oem4f (.const:ti_catalog_arm_cortexm4_tiva_ce_Boot_Module__id__C)
                  0000803c    00000090     driverlib.lib : gpio.obj (.const:g_pui32GPIOBaseAddrs)
                  000080cc    0000006c                   : sysctl.obj (.const:g_pui32Xtals)
                  00008138    00000048     app_pem4f.oem4f (.const:.string)
                  00008180    00000028     app_pem4f.oem4f (.const:ti_sysbios_heaps_HeapMem_Module__FXNS__C)
                  000081a8    00000024     app_pem4f.oem4f (.const:ti_sysbios_gates_GateHwi_Module__FXNS__C)
                  000081cc    00000024     app_pem4f.oem4f (.const:ti_sysbios_gates_GateMutex_Module__FXNS__C)
                  000081f0    00000024     app_pem4f.oem4f (.const:ti_sysbios_heaps_HeapMem_Object__PARAMS__C)
                  00008214    00000024     app_pem4f.oem4f (.const:ti_sysbios_knl_Semaphore_Object__PARAMS__C)
                  00008238    00000024     app_pem4f.oem4f (.const:xdc_runtime_Startup_sfxnTab__A)
                  0000825c    00000020     app_pem4f.oem4f (.const:ti_sysbios_gates_GateHwi_Object__DESC__C)
                  0000827c    00000020     app_pem4f.oem4f (.const:ti_sysbios_gates_GateMutex_Object__DESC__C)
                  0000829c    00000020     app_pem4f.oem4f (.const:ti_sysbios_heaps_HeapMem_Object__DESC__C)
                  000082bc    00000020     app_pem4f.oem4f (.const:ti_sysbios_knl_Queue_Object__DESC__C)
                  000082dc    00000020     app_pem4f.oem4f (.const:ti_sysbios_knl_Semaphore_Object__DESC__C)
                  000082fc    00000018     app_pem4f.oem4f (.const:ti_sysbios_gates_GateHwi_Object__PARAMS__C)
                  00008314    00000018     app_pem4f.oem4f (.const:ti_sysbios_gates_GateMutex_Object__PARAMS__C)
                  0000832c    00000018     app_pem4f.oem4f (.const:ti_sysbios_knl_Queue_Object__PARAMS__C)
                  00008344    00000014     app_pem4f.oem4f (.const:xdc_runtime_Startup_firstFxns__A)
                  00008358    00000012     app_pem4f.oem4f (.const:xdc_runtime_Startup_sfxnRts__A)
                  0000836a    00000002     app_pem4f.oem4f (.const:ti_sysbios_family_arm_m3_Hwi_Module__id__C)
                  0000836c    00000010     app_pem4f.oem4f (.const)
                  0000837c    0000000b     TivaC_GPIO_Config.obj (.const:.string:$P$T0$1)
                  00008387    00000001     app_pem4f.oem4f (.const:xdc_runtime_Error_policy__C)
                  00008388    00000008     app_pem4f.oem4f (.const:ti_sysbios_family_arm_m3_Hwi_excHookFuncs__A)
                  00008390    00000008     app_pem4f.oem4f (.const:ti_sysbios_knl_Idle_funcList__A)
                  00008398    00000008     app_pem4f.oem4f (.const:ti_sysbios_knl_Idle_funcList__C)
                  000083a0    00000008     app_pem4f.oem4f (.const:xdc_runtime_Startup_firstFxns__C)
                  000083a8    00000008     app_pem4f.oem4f (.const:xdc_runtime_Startup_lastFxns__C)
                  000083b0    00000004     app_pem4f.oem4f (.const:ti_catalog_arm_cortexm4_tiva_ce_Boot_A_mustUseEnhancedClockMode__C)
                  000083b4    00000004     app_pem4f.oem4f (.const:ti_catalog_arm_cortexm4_tiva_ce_Boot_Module__diagsEnabled__C)
                  000083b8    00000004     app_pem4f.oem4f (.const:ti_catalog_arm_cortexm4_tiva_ce_Boot_Module__diagsIncluded__C)
                  000083bc    00000004     app_pem4f.oem4f (.const:ti_catalog_arm_cortexm4_tiva_ce_Boot_Module__diagsMask__C)
                  000083c0    00000004     app_pem4f.oem4f (.const:ti_sysbios_family_arm_lm4_Timer_enableFunc__C)
                  000083c4    00000004     app_pem4f.oem4f (.const:ti_sysbios_family_arm_lm4_Timer_numTimerDevices__C)
                  000083c8    00000004     app_pem4f.oem4f (.const:ti_sysbios_family_arm_lm4_Timer_startupNeeded__C)
                  000083cc    00000004     app_pem4f.oem4f (.const:ti_sysbios_family_arm_m3_Hwi_E_NMI__C)
                  000083d0    00000004     app_pem4f.oem4f (.const:ti_sysbios_family_arm_m3_Hwi_E_busFault__C)
                  000083d4    00000004     app_pem4f.oem4f (.const:ti_sysbios_family_arm_m3_Hwi_E_debugMon__C)
                  000083d8    00000004     app_pem4f.oem4f (.const:ti_sysbios_family_arm_m3_Hwi_E_hardFault__C)
                  000083dc    00000004     app_pem4f.oem4f (.const:ti_sysbios_family_arm_m3_Hwi_E_memFault__C)
                  000083e0    00000004     app_pem4f.oem4f (.const:ti_sysbios_family_arm_m3_Hwi_E_noIsr__C)
                  000083e4    00000004     app_pem4f.oem4f (.const:ti_sysbios_family_arm_m3_Hwi_E_reserved__C)
                  000083e8    00000004     app_pem4f.oem4f (.const:ti_sysbios_family_arm_m3_Hwi_E_svCall__C)
                  000083ec    00000004     app_pem4f.oem4f (.const:ti_sysbios_family_arm_m3_Hwi_E_usageFault__C)
                  000083f0    00000004     app_pem4f.oem4f (.const:ti_sysbios_family_arm_m3_Hwi_NUM_INTERRUPTS__C)
                  000083f4    00000004     app_pem4f.oem4f (.const:ti_sysbios_family_arm_m3_Hwi_Object__count__C)
                  000083f8    00000004     app_pem4f.oem4f (.const:ti_sysbios_family_arm_m3_Hwi_ccr__C)
                  000083fc    00000004     app_pem4f.oem4f (.const:ti_sysbios_family_arm_m3_Hwi_excHandlerFunc__C)
                  00008400    00000004     app_pem4f.oem4f (.const:ti_sysbios_family_arm_m3_Hwi_excHookFuncs__C)
                  00008404    00000004     app_pem4f.oem4f (.const:ti_sysbios_family_arm_m3_Hwi_nullIsrFunc__C)
                  00008408    00000004     app_pem4f.oem4f (.const:ti_sysbios_family_arm_m3_Hwi_priGroup__C)
                  0000840c    00000004     app_pem4f.oem4f (.const:ti_sysbios_gates_GateMutex_A_badContext__C)
                  00008410    00000004     app_pem4f.oem4f (.const:ti_sysbios_gates_GateMutex_Instance_State_sem__O)
                  00008414    00000004     app_pem4f.oem4f (.const:ti_sysbios_gates_GateMutex_Module__diagsEnabled__C)
                  00008418    00000004     app_pem4f.oem4f (.const:ti_sysbios_gates_GateMutex_Module__diagsIncluded__C)
                  0000841c    00000004     app_pem4f.oem4f (.const:ti_sysbios_gates_GateMutex_Module__diagsMask__C)
                  00008420    00000004     app_pem4f.oem4f (.const:ti_sysbios_hal_Hwi_E_stackOverflow__C)
                  00008424    00000004     app_pem4f.oem4f (.const:ti_sysbios_heaps_HeapMem_A_align__C)
                  00008428    00000004     app_pem4f.oem4f (.const:ti_sysbios_heaps_HeapMem_A_heapSize__C)
                  0000842c    00000004     app_pem4f.oem4f (.const:ti_sysbios_heaps_HeapMem_A_invalidFree__C)
                  00008430    00000004     app_pem4f.oem4f (.const:ti_sysbios_heaps_HeapMem_A_zeroBlock__C)
                  00008434    00000004     app_pem4f.oem4f (.const:ti_sysbios_heaps_HeapMem_E_memory__C)
                  00008438    00000004     app_pem4f.oem4f (.const:ti_sysbios_heaps_HeapMem_Module__diagsEnabled__C)
                  0000843c    00000004     app_pem4f.oem4f (.const:ti_sysbios_heaps_HeapMem_Module__diagsIncluded__C)
                  00008440    00000004     app_pem4f.oem4f (.const:ti_sysbios_heaps_HeapMem_Module__diagsMask__C)
                  00008444    00000004     app_pem4f.oem4f (.const:ti_sysbios_heaps_HeapMem_Module__gateObj__C)
                  00008448    00000004     app_pem4f.oem4f (.const:ti_sysbios_heaps_HeapMem_Object__count__C)
                  0000844c    00000004     app_pem4f.oem4f (.const:ti_sysbios_heaps_HeapMem_reqAlign__C)
                  00008450    00000004     app_pem4f.oem4f (.const:ti_sysbios_knl_Clock_Module_State_clockQ__O)
                  00008454    00000004     app_pem4f.oem4f (.const:ti_sysbios_knl_Semaphore_A_badContext__C)
                  00008458    00000004     app_pem4f.oem4f (.const:ti_sysbios_knl_Semaphore_A_noEvents__C)
                  0000845c    00000004     app_pem4f.oem4f (.const:ti_sysbios_knl_Semaphore_A_overflow__C)
                  00008460    00000004     app_pem4f.oem4f (.const:ti_sysbios_knl_Semaphore_A_pendTaskDisabled__C)
                  00008464    00000004     app_pem4f.oem4f (.const:ti_sysbios_knl_Semaphore_Instance_State_pendQ__O)
                  00008468    00000004     app_pem4f.oem4f (.const:ti_sysbios_knl_Semaphore_Module__diagsEnabled__C)
                  0000846c    00000004     app_pem4f.oem4f (.const:ti_sysbios_knl_Semaphore_Module__diagsIncluded__C)
                  00008470    00000004     app_pem4f.oem4f (.const:ti_sysbios_knl_Semaphore_Module__diagsMask__C)
                  00008474    00000004     app_pem4f.oem4f (.const:ti_sysbios_knl_Swi_Object__count__C)
                  00008478    00000004     app_pem4f.oem4f (.const:ti_sysbios_knl_Task_E_spOutOfBounds__C)
                  0000847c    00000004     app_pem4f.oem4f (.const:ti_sysbios_knl_Task_E_stackOverflow__C)
                  00008480    00000004     app_pem4f.oem4f (.const:ti_sysbios_knl_Task_Module_State_inactiveQ__O)
                  00008484    00000004     app_pem4f.oem4f (.const:ti_sysbios_knl_Task_Object__count__C)
                  00008488    00000004     app_pem4f.oem4f (.const:ti_sysbios_knl_Task_allBlockedFunc__C)
                  0000848c    00000004     app_pem4f.oem4f (.const:ti_sysbios_knl_Task_numConstructedTasks__C)
                  00008490    00000004     app_pem4f.oem4f (.const:xdc_runtime_Assert_E_assertFailed__C)
                  00008494    00000004     app_pem4f.oem4f (.const:xdc_runtime_Core_A_initializedParams__C)
                  00008498    00000004     app_pem4f.oem4f (.const:xdc_runtime_Core_Module__diagsEnabled__C)
                  0000849c    00000004     app_pem4f.oem4f (.const:xdc_runtime_Core_Module__diagsIncluded__C)
                  000084a0    00000004     app_pem4f.oem4f (.const:xdc_runtime_Core_Module__diagsMask__C)
                  000084a4    00000004     app_pem4f.oem4f (.const:xdc_runtime_Error_E_memory__C)
                  000084a8    00000004     app_pem4f.oem4f (.const:xdc_runtime_Error_Module__diagsEnabled__C)
                  000084ac    00000004     app_pem4f.oem4f (.const:xdc_runtime_Error_Module__diagsIncluded__C)
                  000084b0    00000004     app_pem4f.oem4f (.const:xdc_runtime_Error_Module__diagsMask__C)
                  000084b4    00000004     app_pem4f.oem4f (.const:xdc_runtime_Error_Module__loggerFxn8__C)
                  000084b8    00000004     app_pem4f.oem4f (.const:xdc_runtime_Error_Module__loggerObj__C)
                  000084bc    00000004     app_pem4f.oem4f (.const:xdc_runtime_Error_policyFxn__C)
                  000084c0    00000004     app_pem4f.oem4f (.const:xdc_runtime_Error_raiseHook__C)
                  000084c4    00000004     app_pem4f.oem4f (.const:xdc_runtime_IGateProvider_Interface__BASE__C)
                  000084c8    00000004     app_pem4f.oem4f (.const:xdc_runtime_IHeap_Interface__BASE__C)
                  000084cc    00000004     app_pem4f.oem4f (.const:xdc_runtime_IModule_Interface__BASE__C)
                  000084d0    00000004     app_pem4f.oem4f (.const:xdc_runtime_Log_L_error__C)
                  000084d4    00000004     app_pem4f.oem4f (.const:xdc_runtime_Memory_defaultHeapInstance__C)
                  000084d8    00000004     app_pem4f.oem4f (.const:xdc_runtime_Startup_execImpl__C)
                  000084dc    00000004     app_pem4f.oem4f (.const:xdc_runtime_Startup_maxPasses__C)
                  000084e0    00000004     app_pem4f.oem4f (.const:xdc_runtime_Startup_sfxnRts__C)
                  000084e4    00000004     app_pem4f.oem4f (.const:xdc_runtime_Startup_sfxnTab__C)
                  000084e8    00000004     app_pem4f.oem4f (.const:xdc_runtime_SysMin_bufSize__C)
                  000084ec    00000004     app_pem4f.oem4f (.const:xdc_runtime_SysMin_outputFunc__C)
                  000084f0    00000004     app_pem4f.oem4f (.const:xdc_runtime_System_Module__gateObj__C)
                  000084f4    00000004     app_pem4f.oem4f (.const:xdc_runtime_System_abortFxn__C)
                  000084f8    00000004     app_pem4f.oem4f (.const:xdc_runtime_System_exitFxn__C)
                  000084fc    00000004     app_pem4f.oem4f (.const:xdc_runtime_System_extendFxn__C)
                  00008500    00000004     app_pem4f.oem4f (.const:xdc_runtime_System_maxAtexitHandlers__C)
                  00008504    00000004     app_pem4f.oem4f (.const:xdc_runtime_Text_charTab__C)
                  00008508    00000004     app_pem4f.oem4f (.const:xdc_runtime_Text_nameEmpty__C)
                  0000850c    00000004     app_pem4f.oem4f (.const:xdc_runtime_Text_nameStatic__C)
                  00008510    00000004     app_pem4f.oem4f (.const:xdc_runtime_Text_nameUnknown__C)
                  00008514    00000004     app_pem4f.oem4f (.const:xdc_runtime_Text_nodeTab__C)
                  00008518    00000004     app_pem4f.oem4f (.const:xdc_runtime_Text_visitRopeFxn__C)
                  0000851c    00000002     app_pem4f.oem4f (.const:ti_sysbios_gates_GateMutex_Module__id__C)
                  0000851e    00000002     app_pem4f.oem4f (.const:ti_sysbios_hal_Hwi_Module__id__C)
                  00008520    00000002     app_pem4f.oem4f (.const:ti_sysbios_heaps_HeapMem_Module__id__C)
                  00008522    00000002     app_pem4f.oem4f (.const:ti_sysbios_knl_Semaphore_Module__id__C)
                  00008524    00000002     app_pem4f.oem4f (.const:ti_sysbios_knl_Task_Module__id__C)
                  00008526    00000002     app_pem4f.oem4f (.const:xdc_runtime_Core_Module__id__C)
                  00008528    00000002     app_pem4f.oem4f (.const:xdc_runtime_Error_Module__loggerDefined__C)
                  0000852a    00000002     app_pem4f.oem4f (.const:xdc_runtime_Error_maxDepth__C)
                  0000852c    00000002     app_pem4f.oem4f (.const:xdc_runtime_Memory_Module__id__C)
                  0000852e    00000002     app_pem4f.oem4f (.const:xdc_runtime_SysMin_flushAtExit__C)
                  00008530    00000002     app_pem4f.oem4f (.const:xdc_runtime_Text_charCnt__C)
                  00008532    00000002     app_pem4f.oem4f (.const:xdc_runtime_Text_isLoaded__C)
                  00008534    00000002     app_pem4f.oem4f (.const:xdc_runtime_Text_registryModsLastId__C)
                  00008536    00000002     app_pem4f.oem4f (.const:xdc_runtime_Text_unnamedModsLastId__C)

.cinit     0    00008538    00000260     
                  00008538    00000229     (.cinit..data.load) [load image, compression = lzss]
                  00008761    00000003     --HOLE-- [fill = 0]
                  00008764    0000000c     (__TI_handler_table)
                  00008770    00000008     (.cinit..bss.load) [load image, compression = zero_init]
                  00008778    00000008     (.cinit..vecs.load) [load image, compression = zero_init]
                  00008780    00000018     (__TI_cinit_table)

.init_array 
*          0    00000000    00000000     UNINITIALIZED

.resetVecs 
*          0    00000000    0000003c     
                  00000000    0000003c     app_pem4f.oem4f (.resetVecs)

.vecs      0    20000000    00000360     UNINITIALIZED
                  20000000    00000360     app_pem4f.oem4f (.vecs)

.bss       0    20000360    00000d4f     UNINITIALIZED
                  20000360    00000400     app_pem4f.oem4f (.bss:taskStackSection)
                  20000760    00000400     (.common:ti_sysbios_heaps_HeapMem_Instance_State_0_buf__A)
                  20000b60    00000360     (.common:ti_sysbios_family_arm_m3_Hwi_dispatchTable)
                  20000ec0    00000120     rtsv7M4_T_le_v4SPD16_eabi.lib : trgmsg.obj (.bss:_CIOBUF_)
                  20000fe0    00000080     (.common:xdc_runtime_SysMin_Module_State_0_outbuf__A)
                  20001060    00000014     (.common:StringBuff)
                  20001074    00000008                                   : trgdrv.obj (.bss:parmbuf)
                  2000107c    00000004     (.common:PWMui32Base)
                  20001080    00000004     (.common:PWMui32Gen)
                  20001084    00000004     (.common:PWMui32Peripheral)
                  20001088    00000004     (.common:PWMui32PinConfig)
                  2000108c    00000004     (.common:UARTui32Base)
                  20001090    00000004     (.common:UARTui32Peripheral)
                  20001094    00000004     (.common:UARTui32PinConfig)
                  20001098    00000004     (.common:channel)
                  2000109c    00000004     (.common:ui32PWMOut)
                  200010a0    00000004     (.common:ui32PWMOutBits)
                  200010a4    00000004     (.common:ui32Peripheral)
                  200010a8    00000004     (.common:ui32Port)
                  200010ac    00000001     main.obj (.bss)
                  200010ad    00000001     (.common:CharBuff)
                  200010ae    00000001     (.common:ui8Pins)

.data      0    200010b0    000004f2     UNINITIALIZED
                  200010b0    00000098     app_pem4f.oem4f (.data:ti_sysbios_knl_Task_Object__table__V)
                  20001148    00000080     app_pem4f.oem4f (.data:ti_sysbios_family_arm_lm4_Timer_Object__table__V)
                  200011c8    00000080     app_pem4f.oem4f (.data:ti_sysbios_knl_Swi_Module_State_0_readyQ__A)
                  20001248    00000080     app_pem4f.oem4f (.data:ti_sysbios_knl_Task_Module_State_0_readyQ__A)
                  200012c8    00000048     app_pem4f.oem4f (.data:ti_sysbios_family_arm_m3_Hwi_Object__table__V)
                  20001310    00000044     app_pem4f.oem4f (.data:ti_sysbios_knl_Task_Module__state__V)
                  20001354    00000038     app_pem4f.oem4f (.data:ti_sysbios_gates_GateMutex_Object__table__V)
                  2000138c    00000034     app_pem4f.oem4f (.data:ti_sysbios_family_arm_m3_Hwi_Module__state__V)
                  200013c0    00000030     app_pem4f.oem4f (.data:ti_sysbios_family_arm_lm4_Timer_Module_State_0_device__A)
                  200013f0    00000030     app_pem4f.oem4f (.data:ti_sysbios_knl_Swi_Object__table__V)
                  20001420    0000002c     app_pem4f.oem4f (.data:ti_sysbios_knl_Clock_Module__state__V)
                  2000144c    00000024     TivaC_GPIO_Config.obj (.data:ADCSetupInfo)
                  20001470    00000024     app_pem4f.oem4f (.data:ti_sysbios_BIOS_Module__state__V)
                  20001494    0000001c     app_pem4f.oem4f (.data:ti_sysbios_knl_Swi_Module__state__V)
                  200014b0    00000018     app_pem4f.oem4f (.data:ti_sysbios_family_arm_lm4_Timer_Module_State_0_handles__A)
                  200014c8    00000018     app_pem4f.oem4f (.data:ti_sysbios_heaps_HeapMem_Object__table__V)
                  200014e0    00000014     app_pem4f.oem4f (.data:ti_sysbios_knl_Semaphore_Object__table__V)
                  200014f4    0000000c     rtsv7M4_T_le_v4SPD16_eabi.lib : exit.obj (.data:$O1$$)
                  20001500    0000000c     app_pem4f.oem4f (.data:ti_sysbios_family_arm_lm4_Timer_Module__state__V)
                  2000150c    0000000c     app_pem4f.oem4f (.data:xdc_runtime_SysMin_Module__state__V)
                  20001518    00000008     rtsv7M4_T_le_v4SPD16_eabi.lib : _lock.obj (.data:$O1$$)
                  20001520    00000008     main.obj (.data)
                  20001528    00000008     app_pem4f.oem4f (.data:ti_sysbios_gates_GateHwi_Module__root__V)
                  20001530    00000008     app_pem4f.oem4f (.data:ti_sysbios_gates_GateMutex_Module__root__V)
                  20001538    00000008     app_pem4f.oem4f (.data:ti_sysbios_hal_Hwi_Object__table__V)
                  20001540    00000008     app_pem4f.oem4f (.data:ti_sysbios_hal_Timer_Object__table__V)
                  20001548    00000008     app_pem4f.oem4f (.data:ti_sysbios_heaps_HeapMem_Module__root__V)
                  20001550    00000008     app_pem4f.oem4f (.data:ti_sysbios_knl_Queue_Module__root__V)
                  20001558    00000008     app_pem4f.oem4f (.data:ti_sysbios_knl_Semaphore_Module__root__V)
                  20001560    00000008     app_pem4f.oem4f (.data:xdc_runtime_Registry_Module__state__V)
                  20001568    00000008     app_pem4f.oem4f (.data:xdc_runtime_Startup_Module__state__V)
                  20001570    00000008     app_pem4f.oem4f (.data:xdc_runtime_System_Module_State_0_atexitHandlers__A)
                  20001578    00000008     app_pem4f.oem4f (.data:xdc_runtime_System_Module__state__V)
                  20001580    00000005     TivaC_GPIO_Config.obj (.data)
                  20001585    00000001     --HOLE--
                  20001586    00000002     app_pem4f.oem4f (.data:ti_sysbios_family_arm_m3_Hwi_Module_State_0_excActive__A)
                  20001588    00000004     rtsv7M4_T_le_v4SPD16_eabi.lib : stkdepth_vars.obj (.data)
                  2000158c    00000004     app_pem4f.oem4f (.data:ti_sysbios_family_arm_m3_Hwi_Module_State_0_excContext__A)
                  20001590    00000004     app_pem4f.oem4f (.data:ti_sysbios_family_arm_m3_Hwi_Module_State_0_excStack__A)
                  20001594    00000004     app_pem4f.oem4f (.data:ti_sysbios_gates_GateHwi_Object__table__V)
                  20001598    00000004     app_pem4f.oem4f (.data:ti_sysbios_knl_Task_Module_State_0_idleTask__A)
                  2000159c    00000004     app_pem4f.oem4f (.data:xdc_runtime_Memory_Module__state__V)
                  200015a0    00000002     app_pem4f.oem4f (.data:xdc_runtime_Error_Module__state__V)

.stack     0    200015a4    00000300     UNINITIALIZED
                  200015a4    00000300     --HOLE--

.bootVecs 
*          0    00000000    00000008     DSECT
                  00000000    00000008     boot.aem4f : boot.oem4f (.bootVecs)

xdc.meta   0    00000000    000000f4     COPY SECTION
                  00000000    000000f4     app_pem4f.oem4f (xdc.meta)

MODULE SUMMARY

       Module                     code    ro data   rw data
       ------                     ----    -------   -------
    .\
       TivaC_GPIO_Config.obj      4798    11        111    
       main.obj                   1399    0         9      
    +--+--------------------------+-------+---------+---------+
       Total:                     6197    11        120    
                                                           
    C:\Users\Alamin_Bird\Documents\CCS_SeniorDesign\MarsMiniRover\Debug\configPkg\package\cfg\
       app_pem4f.oem4f            1450    7561      5096   
    +--+--------------------------+-------+---------+---------+
       Total:                     1450    7561      5096   
                                                           
    C:/ti/tirtos_tivac_2_16_01_14/products/TivaWare_C_Series-2.1.1.71b/driverlib/ccs/Debug/driverlib.lib
       gpio.obj                   520     144       0      
       sysctl.obj                 340     108       0      
       adc.obj                    212     0         0      
       uart.obj                   158     0         0      
       pwm.obj                    110     0         0      
    +--+--------------------------+-------+---------+---------+
       Total:                     1340    252       0      
                                                           
    C:\Users\Alamin_Bird\Documents\CCS_SeniorDesign\MarsMiniRover\src\sysbios\sysbios.aem4f
       BIOS.obj                   10192   0         0      
       m3_Hwi_asm.obj             314     0         0      
       m3_TaskSupport_asm.obj     180     0         0      
       m3_Hwi_asm_switch.obj      118     0         0      
    +--+--------------------------+-------+---------+---------+
       Total:                     10804   0         0      
                                                           
    C:\ti\ccsv7\tools\compiler\ti-cgt-arm_16.9.3.LTS\lib\rtsv7M4_T_le_v4SPD16_eabi.lib
       trgdrv.obj                 804     0         8      
       trgmsg.obj                 104     0         288    
       memcpy_t2.obj              156     0         0      
       memset_t2.obj              122     0         0      
       copy_decompress_lzss.obj   104     0         0      
       exit.obj                   84      0         12     
       cpy_tbl.obj                76      0         0      
       u_divt2.obj                64      0         0      
       _lock.obj                  20      0         8      
       args_main.obj              24      0         0      
       strcpy.obj                 20      0         0      
       strlen.obj                 20      0         0      
       copy_decompress_none.obj   14      0         0      
       copy_zero_init.obj         12      0         0      
       stkdepth_vars.obj          0       0         4      
       i_div0.obj                 2       0         0      
    +--+--------------------------+-------+---------+---------+
       Total:                     1626    0         320    
                                                           
    C:\ti\tirtos_tivac_2_16_01_14\products\bios_6_45_02_31\packages\ti\catalog\arm\cortexm4\tiva\ce\lib\Boot.aem4f
       Boot_sysctl.oem4f          262     0         0      
       Boot.oem4f                 152     0         0      
    +--+--------------------------+-------+---------+---------+
       Total:                     414     0         0      
                                                           
    C:\ti\tirtos_tivac_2_16_01_14\products\bios_6_45_02_31\packages\ti\targets\arm\rtsarm\lib\auto_init.aem4f
       auto_init.oem4f            160     0         0      
    +--+--------------------------+-------+---------+---------+
       Total:                     160     0         0      
                                                           
    C:\ti\tirtos_tivac_2_16_01_14\products\bios_6_45_02_31\packages\ti\targets\arm\rtsarm\lib\boot.aem4f
       boot.oem4f                 88      0         0      
    +--+--------------------------+-------+---------+---------+
       Total:                     88      0         0      
                                                           
    C:\ti\tirtos_tivac_2_16_01_14\products\bios_6_45_02_31\packages\ti\targets\arm\rtsarm\lib\ti.targets.arm.rtsarm.aem4f
       System.oem4f               1255    0         0      
       Text.oem4f                 672     0         0      
       Error.oem4f                524     0         0      
       Core-mem.oem4f             358     0         0      
       Startup.oem4f              328     0         0      
       SysMin.oem4f               248     0         0      
       Core-smem.oem4f            204     0         0      
       Memory.oem4f               176     0         0      
       Assert.oem4f               84      0         0      
       Core-params.oem4f          70      0         0      
       Core-label.oem4f           52      0         0      
       Registry.oem4f             32      0         0      
       Gate.oem4f                 28      0         0      
    +--+--------------------------+-------+---------+---------+
       Total:                     4031    0         0      
                                                           
       Stack:                     0       0         768    
       Linker Generated:          0       605       0      
    +--+--------------------------+-------+---------+---------+
       Grand Total:               26110   8429      6304   


LINKER GENERATED COPY TABLES

__TI_cinit_table @ 00008780 records: 3, size/record: 8, table size: 24
	.data: load addr=00008538, load size=00000229 bytes, run addr=200010b0, run size=000004f2 bytes, compression=lzss
	.bss: load addr=00008770, load size=00000008 bytes, run addr=20000360, run size=00000d4f bytes, compression=zero_init
	.vecs: load addr=00008778, load size=00000008 bytes, run addr=20000000, run size=00000360 bytes, compression=zero_init


LINKER GENERATED HANDLER TABLE

__TI_handler_table @ 00008764 records: 3, size/record: 4, table size: 12
	index: 0, handler: __TI_decompress_lzss
	index: 1, handler: __TI_decompress_none
	index: 2, handler: __TI_zero_init


GLOBAL SYMBOLS: SORTED ALPHABETICALLY BY Name 

address   name                                                              
-------   ----                                                              
000035b5  ADC0Setup                                                         
00003379  ADCPinInfo                                                        
00005381  ADCSequenceConfigure                                              
00006561  ADCSequenceDisable                                                
0000656f  ADCSequenceEnable                                                 
000040b1  ADCSequenceStepConfigure                                          
2000144c  ADCSetupInfo                                                      
00008378  Bluetooth_UART                                                    
000046b5  Bluetooth_UART_Hwi                                                
00004ac1  C$$EXIT                                                           
00004543  C$$IO$$                                                           
200010ad  CharBuff                                                          
00001ebd  Contrler_Task                                                     
00008374  ControlerTask                                                     
00005ab1  DefaultBluetoothSetup                                             
00005c99  GPIODirModeSet                                                    
00003ea9  GPIOInit                                                          
000028c5  GPIOPadConfigSet                                                  
00004f25  GPIOPinConfigure                                                  
00000041  GPIOPinInfo                                                       
000063c5  GPIOPinTypeADC                                                    
000063d7  GPIOPinTypeGPIOInput                                              
00006205  GPIOPinTypeGPIOOutput                                             
000063e9  GPIOPinTypePWM                                                    
000063fb  GPIOPinTypeUART                                                   
000045e3  GPIOPinWrite                                                      
0000208d  GPIOSet                                                           
00004da1  GPIOWrite                                                         
000012c3  HOSTclock                                                         
0000128b  HOSTclose                                                         
0000124d  HOSTgetenv                                                        
000011f1  HOSTlseek                                                         
0000119f  HOSTopen                                                          
00001153  HOSTread                                                          
000010f5  HOSTrename                                                        
000010bb  HOSTtime                                                          
0000106d  HOSTtime64                                                        
00001035  HOSTunlink                                                        
00000fe9  HOSTwrite                                                         
000054fd  MoveBackLeft                                                      
00005535  MoveBackRight                                                     
00005add  MoveBackward                                                      
0000583d  MoveForward                                                       
00005b09  MoveLeft                                                          
00005b35  MoveRight                                                         
0000556d  MoveSlighLeft                                                     
000055a5  MoveSlightRight                                                   
00005e89  PWMGenConfigure                                                   
000065bd  PWMGenEnable                                                      
0000645d  PWMGenPeriodSet                                                   
0000640d  PWMOutputState                                                    
00000941  PWMPinInfo                                                        
00006019  PWMPulseWidthSet                                                  
2000107c  PWMui32Base                                                       
20001080  PWMui32Gen                                                        
20001084  PWMui32Peripheral                                                 
20001088  PWMui32PinConfig                                                  
00003cef  Robot_Idle                                                        
0000586d  RotateLeft                                                        
0000589d  RotateRight                                                       
UNDEFED   SHT$$INIT_ARRAY$$Base                                             
UNDEFED   SHT$$INIT_ARRAY$$Limit                                            
00005091  SetSpeed                                                          
0000646d  StartMoving                                                       
0000647d  StopMoving                                                        
20001060  StringBuff                                                        
00002b0d  SysCtlClockGet                                                    
00006311  SysCtlPWMClockSet                                                 
000056f9  SysCtlPeripheralEnable                                            
00006649  UARTCharGet                                                       
00006653  UARTCharPut                                                       
000065c9  UARTCharsAvail                                                    
00005b61  UARTClearInt                                                      
000052b9  UARTConfigSetExpClk                                               
00006055  UARTDisable                                                       
00006325  UARTEnable                                                        
00005b8d  UARTEnableInt                                                     
00005bb9  UARTGetChar                                                       
0000130d  UARTIntClear                                                      
00006671  UARTIntEnable                                                     
00005401  UARTIntegerGet                                                    
000050d5  UARTIntegerPut                                                    
20001521  UARTNewChar_Flag                                                  
00001a79  UARTPinInfo                                                       
000041a5  UARTPrintln                                                       
000055dd  UARTSetBaud                                                       
000032b9  UARTStringGet                                                     
000047d9  UARTStringPut                                                     
20001520  UART_Contrler                                                     
2000108c  UARTui32Base                                                      
20001090  UARTui32Peripheral                                                
20001094  UARTui32PinConfig                                                 
00000000  __ASM__                                                           
20000ec0  __CIOBUF_                                                         
00000072  __ISA__                                                           
00000085  __PLAT__                                                          
200018a4  __STACK_END                                                       
00000300  __STACK_SIZE                                                      
000000a6  __TARG__                                                          
00008780  __TI_CINIT_Base                                                   
00008798  __TI_CINIT_Limit                                                  
00008764  __TI_Handler_Table_Base                                           
00008770  __TI_Handler_Table_Limit                                          
000039d9  __TI_auto_init                                                    
200014f4  __TI_cleanup_ptr                                                  
000044ad  __TI_decompress_lzss                                              
0000657d  __TI_decompress_none                                              
200014f8  __TI_dtors_ptr                                                    
200014fc  __TI_enable_exit_profile_output                                   
ffffffff  __TI_pprof_out_hndl                                               
ffffffff  __TI_prof_data_size                                               
ffffffff  __TI_prof_data_start                                              
00004547  __TI_readmsg                                                      
00008538  __TI_static_base__                                                
00004515  __TI_writemsg                                                     
000065d5  __TI_zero_init                                                    
000000cc  __TRDR__                                                          
000042f7  __aeabi_idiv0                                                     
0000412b  __aeabi_memclr                                                    
0000412b  __aeabi_memclr4                                                   
0000412b  __aeabi_memclr8                                                   
00003b19  __aeabi_memcpy                                                    
00003b19  __aeabi_memcpy4                                                   
00003b19  __aeabi_memcpy8                                                   
0000412d  __aeabi_memset                                                    
0000412d  __aeabi_memset4                                                   
0000412d  __aeabi_memset8                                                   
000052fb  __aeabi_uidiv                                                     
000052fb  __aeabi_uidivmod                                                  
ffffffff  __binit__                                                         
ffffffff  __c_args__                                                        
200015a4  __stack                                                           
0000621d  _args_main                                                        
00004a11  _c_int00                                                          
20001518  _lock                                                             
00006347  _nop                                                              
0000633f  _register_lock                                                    
00006339  _register_unlock                                                  
2000151c  _unlock                                                           
00004ac5  abort                                                             
ffffffff  binit                                                             
20001098  channel                                                           
0000836c  controlerSem                                                      
00004ded  copy_in                                                           
00004acd  exit                                                              
20001580  index                                                             
00003fb5  integerToString                                                   
000053c1  main                                                              
20001588  main_func_sp                                                      
00003b19  memcpy                                                            
00004133  memset                                                            
00006501  osi_TaskDisable                                                   
000064a1  osi_start                                                         
00004bbd  setPWMDuty                                                        
00004c0d  setPWMOff                                                         
00004c5d  setPWMOn                                                          
00004035  setPinsToWTF                                                      
00008370  stopMotors                                                        
0000634d  strcpy                                                            
00004b69  stringToInteger                                                   
00006361  strlen                                                            
000083b0  ti_catalog_arm_cortexm4_tiva_ce_Boot_A_mustUseEnhancedClockMode__C
000083b4  ti_catalog_arm_cortexm4_tiva_ce_Boot_Module__diagsEnabled__C      
000083b8  ti_catalog_arm_cortexm4_tiva_ce_Boot_Module__diagsIncluded__C     
000083bc  ti_catalog_arm_cortexm4_tiva_ce_Boot_Module__diagsMask__C         
0000803a  ti_catalog_arm_cortexm4_tiva_ce_Boot_Module__id__C                
000065b1  ti_catalog_arm_cortexm4_tiva_ce_Boot_init__I                      
00002c19  ti_catalog_arm_cortexm4_tiva_ce_Boot_sysCtlClockSetI__I           
00003cf1  ti_catalog_arm_cortexm4_tiva_ce_Boot_sysCtlClockSet__E            
0000533b  ti_catalog_arm_cortexm4_tiva_ce_Boot_sysCtlDelayI__I              
20001470  ti_sysbios_BIOS_Module__state__V                                  
00006169  ti_sysbios_BIOS_RtsGateProxy_Handle__label__S                     
00005df5  ti_sysbios_BIOS_RtsGateProxy_Object__delete__S                    
00001cbd  ti_sysbios_BIOS_RtsGateProxy_enter__E                             
0000238d  ti_sysbios_BIOS_RtsGateProxy_leave__E                             
000066c9  ti_sysbios_BIOS_RtsGateProxy_query__E                             
000058cd  ti_sysbios_BIOS_atExitFunc__I                                     
00005d65  ti_sysbios_BIOS_errorRaiseHook__I                                 
000062f9  ti_sysbios_BIOS_exitFunc__I                                       
00004835  ti_sysbios_BIOS_nullFunc__I                                       
00005d89  ti_sysbios_BIOS_registerRTSLock__I                                
00005dad  ti_sysbios_BIOS_removeRTSLock__I                                  
00005ef5  ti_sysbios_BIOS_rtsLock__I                                        
00006235  ti_sysbios_BIOS_rtsUnlock__I                                      
00006491  ti_sysbios_BIOS_setThreadType__E                                  
00005dd1  ti_sysbios_BIOS_startFunc__I                                      
[...]
000065b1  ti_catalog_arm_cortexm4_tiva_ce_Boot_init__I                      
000065bd  PWMGenEnable                                                      
000065c9  UARTCharsAvail                                                    
000065d5  __TI_zero_init                                                    
000065e1  ti_sysbios_family_arm_lm4_Timer_getMaxTicks__E                    
000065f1  ti_sysbios_family_arm_m3_TaskSupport_checkStack__E                
000065f1  ti_sysbios_knl_Task_SupportProxy_checkStack__E                    
00006601  ti_sysbios_gates_GateHwi_enter__E                                 
0000660d  ti_sysbios_knl_Queue_Object__get__S                               
00006619  xdc_runtime_Error_init__E                                         
00006625  xdc_runtime_Gate_enterSystem__E                                   
00006631  xdc_runtime_Memory_calloc__E                                      
0000663d  xdc_runtime_Memory_getMaxDefaultTypeAlign__E                      
00006649  UARTCharGet                                                       
00006653  UARTCharPut                                                       
0000665d  xdc_runtime_Memory_HeapProxy_alloc__E                             
00006667  xdc_runtime_Memory_HeapProxy_free__E                              
00006671  UARTIntEnable                                                     
00006679  ti_sysbios_family_arm_lm4_Timer_masterDisable__I                  
00006681  ti_sysbios_family_arm_m3_Hwi_doSwiRestore__I                      
00006689  ti_sysbios_family_arm_m3_Hwi_startup__E                           
00006689  ti_sysbios_hal_Hwi_HwiProxy_startup__E                            
00006691  ti_sysbios_family_arm_m3_Hwi_doTaskRestore__I                     
00006699  ti_sysbios_gates_GateHwi_leave__E                                 
000066a1  ti_sysbios_hal_Timer_start__E                                     
000066a9  ti_sysbios_heaps_HeapMem_isBlocking__E                            
000066b1  ti_sysbios_knl_Queue_Instance_init__E                             
000066b9  ti_sysbios_knl_Swi_startup__E                                     
000066c1  ti_sysbios_gates_GateHwi_query__E                                 
000066c1  xdc_runtime_Main_Module_GateProxy_query__E                        
000066c1  xdc_runtime_System_Module_GateProxy_query__E                      
000066c9  ti_sysbios_BIOS_RtsGateProxy_query__E                             
000066c9  ti_sysbios_gates_GateMutex_query__E                               
000066c9  ti_sysbios_heaps_HeapMem_Module_GateProxy_query__E                
000066d1  ti_sysbios_knl_Task_startup__E                                    
000066d9  ti_sysbios_gates_GateHwi_Instance_init__E                         
000066e1  ti_sysbios_knl_Clock_logTick__E                                   
000066e4  xdc_runtime_Text_charTab__A                                       
00007f7a  xdc_runtime_Text_nodeTab__A                                       
0000803a  ti_catalog_arm_cortexm4_tiva_ce_Boot_Module__id__C                
00008180  ti_sysbios_heaps_HeapMem_Module__FXNS__C                          
000081a8  ti_sysbios_gates_GateHwi_Module__FXNS__C                          
000081cc  ti_sysbios_gates_GateMutex_Module__FXNS__C                        
000081f0  ti_sysbios_heaps_HeapMem_Object__PARAMS__C                        
00008214  ti_sysbios_knl_Semaphore_Object__PARAMS__C                        
00008238  xdc_runtime_Startup_sfxnTab__A                                    
0000825c  ti_sysbios_gates_GateHwi_Object__DESC__C                          
0000827c  ti_sysbios_gates_GateMutex_Object__DESC__C                        
0000829c  ti_sysbios_heaps_HeapMem_Object__DESC__C                          
000082bc  ti_sysbios_knl_Queue_Object__DESC__C                              
000082dc  ti_sysbios_knl_Semaphore_Object__DESC__C                          
000082fc  ti_sysbios_gates_GateHwi_Object__PARAMS__C                        
00008314  ti_sysbios_gates_GateMutex_Object__PARAMS__C                      
0000832c  ti_sysbios_knl_Queue_Object__PARAMS__C                            
00008344  xdc_runtime_Startup_firstFxns__A                                  
00008358  xdc_runtime_Startup_sfxnRts__A                                    
0000836a  ti_sysbios_family_arm_m3_Hwi_Module__id__C                        
0000836c  controlerSem                                                      
00008370  stopMotors                                                        
00008374  ControlerTask                                                     
00008378  Bluetooth_UART                                                    
00008387  xdc_runtime_Error_policy__C                                       
00008388  ti_sysbios_family_arm_m3_Hwi_excHookFuncs__A                      
00008390  ti_sysbios_knl_Idle_funcList__A                                   
00008398  ti_sysbios_knl_Idle_funcList__C                                   
000083a0  xdc_runtime_Startup_firstFxns__C                                  
000083a8  xdc_runtime_Startup_lastFxns__C                                   
000083b0  ti_catalog_arm_cortexm4_tiva_ce_Boot_A_mustUseEnhancedClockMode__C
000083b4  ti_catalog_arm_cortexm4_tiva_ce_Boot_Module__diagsEnabled__C      
000083b8  ti_catalog_arm_cortexm4_tiva_ce_Boot_Module__diagsIncluded__C     
000083bc  ti_catalog_arm_cortexm4_tiva_ce_Boot_Module__diagsMask__C         
000083c0  ti_sysbios_family_arm_lm4_Timer_enableFunc__C                     
000083c4  ti_sysbios_family_arm_lm4_Timer_numTimerDevices__C                
000083c8  ti_sysbios_family_arm_lm4_Timer_startupNeeded__C                  
000083cc  ti_sysbios_family_arm_m3_Hwi_E_NMI__C                             
000083d0  ti_sysbios_family_arm_m3_Hwi_E_busFault__C                        
000083d4  ti_sysbios_family_arm_m3_Hwi_E_debugMon__C                        
000083d8  ti_sysbios_family_arm_m3_Hwi_E_hardFault__C                       
000083dc  ti_sysbios_family_arm_m3_Hwi_E_memFault__C                        
000083e0  ti_sysbios_family_arm_m3_Hwi_E_noIsr__C                           
000083e4  ti_sysbios_family_arm_m3_Hwi_E_reserved__C                        
000083e8  ti_sysbios_family_arm_m3_Hwi_E_svCall__C                          
000083ec  ti_sysbios_family_arm_m3_Hwi_E_usageFault__C                      
000083f0  ti_sysbios_family_arm_m3_Hwi_NUM_INTERRUPTS__C                    
000083f4  ti_sysbios_family_arm_m3_Hwi_Object__count__C                     
000083f8  ti_sysbios_family_arm_m3_Hwi_ccr__C                               
000083fc  ti_sysbios_family_arm_m3_Hwi_excHandlerFunc__C                    
00008400  ti_sysbios_family_arm_m3_Hwi_excHookFuncs__C                      
00008404  ti_sysbios_family_arm_m3_Hwi_nullIsrFunc__C                       
00008408  ti_sysbios_family_arm_m3_Hwi_priGroup__C                          
0000840c  ti_sysbios_gates_GateMutex_A_badContext__C                        
00008410  ti_sysbios_gates_GateMutex_Instance_State_sem__O                  
00008414  ti_sysbios_gates_GateMutex_Module__diagsEnabled__C                
00008418  ti_sysbios_gates_GateMutex_Module__diagsIncluded__C               
0000841c  ti_sysbios_gates_GateMutex_Module__diagsMask__C                   
00008420  ti_sysbios_hal_Hwi_E_stackOverflow__C                             
00008424  ti_sysbios_heaps_HeapMem_A_align__C                               
00008428  ti_sysbios_heaps_HeapMem_A_heapSize__C                            
0000842c  ti_sysbios_heaps_HeapMem_A_invalidFree__C                         
00008430  ti_sysbios_heaps_HeapMem_A_zeroBlock__C                           
00008434  ti_sysbios_heaps_HeapMem_E_memory__C                              
00008438  ti_sysbios_heaps_HeapMem_Module__diagsEnabled__C                  
0000843c  ti_sysbios_heaps_HeapMem_Module__diagsIncluded__C                 
00008440  ti_sysbios_heaps_HeapMem_Module__diagsMask__C                     
00008444  ti_sysbios_heaps_HeapMem_Module__gateObj__C                       
00008448  ti_sysbios_heaps_HeapMem_Object__count__C                         
0000844c  ti_sysbios_heaps_HeapMem_reqAlign__C                              
00008450  ti_sysbios_knl_Clock_Module_State_clockQ__O                       
00008454  ti_sysbios_knl_Semaphore_A_badContext__C                          
00008458  ti_sysbios_knl_Semaphore_A_noEvents__C                            
0000845c  ti_sysbios_knl_Semaphore_A_overflow__C                            
00008460  ti_sysbios_knl_Semaphore_A_pendTaskDisabled__C                    
00008464  ti_sysbios_knl_Semaphore_Instance_State_pendQ__O                  
00008468  ti_sysbios_knl_Semaphore_Module__diagsEnabled__C                  
0000846c  ti_sysbios_knl_Semaphore_Module__diagsIncluded__C                 
00008470  ti_sysbios_knl_Semaphore_Module__diagsMask__C                     
00008474  ti_sysbios_knl_Swi_Object__count__C                               
00008478  ti_sysbios_knl_Task_E_spOutOfBounds__C                            
0000847c  ti_sysbios_knl_Task_E_stackOverflow__C                            
00008480  ti_sysbios_knl_Task_Module_State_inactiveQ__O                     
00008484  ti_sysbios_knl_Task_Object__count__C                              
00008488  ti_sysbios_knl_Task_allBlockedFunc__C                             
0000848c  ti_sysbios_knl_Task_numConstructedTasks__C                        
00008490  xdc_runtime_Assert_E_assertFailed__C                              
00008494  xdc_runtime_Core_A_initializedParams__C                           
00008498  xdc_runtime_Core_Module__diagsEnabled__C                          
0000849c  xdc_runtime_Core_Module__diagsIncluded__C                         
000084a0  xdc_runtime_Core_Module__diagsMask__C                             
000084a4  xdc_runtime_Error_E_memory__C                                     
000084a8  xdc_runtime_Error_Module__diagsEnabled__C                         
000084ac  xdc_runtime_Error_Module__diagsIncluded__C                        
000084b0  xdc_runtime_Error_Module__diagsMask__C                            
000084b4  xdc_runtime_Error_Module__loggerFxn8__C                           
000084b8  xdc_runtime_Error_Module__loggerObj__C                            
000084bc  xdc_runtime_Error_policyFxn__C                                    
000084c0  xdc_runtime_Error_raiseHook__C                                    
000084c4  xdc_runtime_IGateProvider_Interface__BASE__C                      
000084c8  xdc_runtime_IHeap_Interface__BASE__C                              
000084cc  xdc_runtime_IModule_Interface__BASE__C                            
000084d0  xdc_runtime_Log_L_error__C                                        
000084d4  xdc_runtime_Memory_defaultHeapInstance__C                         
000084d8  xdc_runtime_Startup_execImpl__C                                   
000084dc  xdc_runtime_Startup_maxPasses__C                                  
000084e0  xdc_runtime_Startup_sfxnRts__C                                    
000084e4  xdc_runtime_Startup_sfxnTab__C                                    
000084e8  xdc_runtime_SysMin_bufSize__C                                     
000084ec  xdc_runtime_SysMin_outputFunc__C                                  
000084f0  xdc_runtime_System_Module__gateObj__C                             
000084f4  xdc_runtime_System_abortFxn__C                                    
000084f8  xdc_runtime_System_exitFxn__C                                     
000084fc  xdc_runtime_System_extendFxn__C                                   
00008500  xdc_runtime_System_maxAtexitHandlers__C                           
00008504  xdc_runtime_Text_charTab__C                                       
00008508  xdc_runtime_Text_nameEmpty__C                                     
0000850c  xdc_runtime_Text_nameStatic__C                                    
00008510  xdc_runtime_Text_nameUnknown__C                                   
00008514  xdc_runtime_Text_nodeTab__C                                       
00008518  xdc_runtime_Text_visitRopeFxn__C                                  
0000851c  ti_sysbios_gates_GateMutex_Module__id__C                          
0000851e  ti_sysbios_hal_Hwi_Module__id__C                                  
00008520  ti_sysbios_heaps_HeapMem_Module__id__C                            
00008522  ti_sysbios_knl_Semaphore_Module__id__C                            
00008524  ti_sysbios_knl_Task_Module__id__C                                 
00008526  xdc_runtime_Core_Module__id__C                                    
00008528  xdc_runtime_Error_Module__loggerDefined__C                        
0000852a  xdc_runtime_Error_maxDepth__C                                     
0000852c  xdc_runtime_Memory_Module__id__C                                  
0000852e  xdc_runtime_SysMin_flushAtExit__C                                 
00008530  xdc_runtime_Text_charCnt__C                                       
00008532  xdc_runtime_Text_isLoaded__C                                      
00008534  xdc_runtime_Text_registryModsLastId__C                            
00008536  xdc_runtime_Text_unnamedModsLastId__C                             
00008538  __TI_static_base__                                                
00008764  __TI_Handler_Table_Base                                           
00008770  __TI_Handler_Table_Limit                                          
00008780  __TI_CINIT_Base                                                   
00008798  __TI_CINIT_Limit                                                  
20000000  ti_sysbios_family_arm_m3_Hwi_ramVectors                           
20000360  ti_sysbios_knl_Task_Instance_State_0_stack__A                     
20000560  ti_sysbios_knl_Task_Instance_State_1_stack__A                     
20000760  ti_sysbios_heaps_HeapMem_Instance_State_0_buf__A                  
20000b60  ti_sysbios_family_arm_m3_Hwi_dispatchTable                        
20000ec0  __CIOBUF_                                                         
20000fe0  xdc_runtime_SysMin_Module_State_0_outbuf__A                       
20001060  StringBuff                                                        
2000107c  PWMui32Base                                                       
20001080  PWMui32Gen                                                        
20001084  PWMui32Peripheral                                                 
20001088  PWMui32PinConfig                                                  
2000108c  UARTui32Base                                                      
20001090  UARTui32Peripheral                                                
20001094  UARTui32PinConfig                                                 
20001098  channel                                                           
2000109c  ui32PWMOut                                                        
200010a0  ui32PWMOutBits                                                    
200010a4  ui32Peripheral                                                    
200010a8  ui32Port                                                          
200010ad  CharBuff                                                          
200010ae  ui8Pins                                                           
200010b0  ti_sysbios_knl_Task_Object__table__V                              
20001148  ti_sysbios_family_arm_lm4_Timer_Object__table__V                  
200011c8  ti_sysbios_knl_Swi_Module_State_0_readyQ__A                       
20001248  ti_sysbios_knl_Task_Module_State_0_readyQ__A                      
200012c8  ti_sysbios_family_arm_m3_Hwi_Object__table__V                     
20001310  ti_sysbios_knl_Task_Module__state__V                              
20001354  ti_sysbios_gates_GateMutex_Object__table__V                       
2000138c  ti_sysbios_family_arm_m3_Hwi_Module__state__V                     
200013c0  ti_sysbios_family_arm_lm4_Timer_Module_State_0_device__A          
200013f0  ti_sysbios_knl_Swi_Object__table__V                               
20001420  ti_sysbios_knl_Clock_Module__state__V                             
2000144c  ADCSetupInfo                                                      
20001470  ti_sysbios_BIOS_Module__state__V                                  
20001494  ti_sysbios_knl_Swi_Module__state__V                               
200014b0  ti_sysbios_family_arm_lm4_Timer_Module_State_0_handles__A         
200014c8  ti_sysbios_heaps_HeapMem_Object__table__V                         
200014e0  ti_sysbios_knl_Semaphore_Object__table__V                         
200014f4  __TI_cleanup_ptr                                                  
200014f8  __TI_dtors_ptr                                                    
200014fc  __TI_enable_exit_profile_output                                   
20001500  ti_sysbios_family_arm_lm4_Timer_Module__state__V                  
2000150c  xdc_runtime_SysMin_Module__state__V                               
20001518  _lock                                                             
2000151c  _unlock                                                           
20001520  UART_Contrler                                                     
20001521  UARTNewChar_Flag                                                  
20001528  ti_sysbios_gates_GateHwi_Module__root__V                          
20001530  ti_sysbios_gates_GateMutex_Module__root__V                        
20001538  ti_sysbios_hal_Hwi_Object__table__V                               
20001540  ti_sysbios_hal_Timer_Object__table__V                             
20001548  ti_sysbios_heaps_HeapMem_Module__root__V                          
20001550  ti_sysbios_knl_Queue_Module__root__V                              
20001558  ti_sysbios_knl_Semaphore_Module__root__V                          
20001560  xdc_runtime_Registry_Module__state__V                             
20001568  xdc_runtime_Startup_Module__state__V                              
20001570  xdc_runtime_System_Module_State_0_atexitHandlers__A               
20001578  xdc_runtime_System_Module__state__V                               
20001580  index                                                             
20001586  ti_sysbios_family_arm_m3_Hwi_Module_State_0_excActive__A          
20001588  main_func_sp                                                      
2000158c  ti_sysbios_family_arm_m3_Hwi_Module_State_0_excContext__A         
20001590  ti_sysbios_family_arm_m3_Hwi_Module_State_0_excStack__A           
20001594  ti_sysbios_gates_GateHwi_Object__table__V                         
20001598  ti_sysbios_knl_Task_Module_State_0_idleTask__A                    
2000159c  xdc_runtime_Memory_Module__state__V                               
200015a0  xdc_runtime_Error_Module__state__V                                
200015a4  __stack                                                           
200018a4  __STACK_END                                                       
e000e000  ti_sysbios_family_arm_m3_Hwi_nvic                                 
ffffffff  __TI_pprof_out_hndl                                               
ffffffff  __TI_prof_data_size                                               
ffffffff  __TI_prof_data_start                                              
ffffffff  __binit__                                                         
ffffffff  __c_args__                                                        
ffffffff  binit                                                             
UNDEFED   SHT$$INIT_ARRAY$$Base                                             
UNDEFED   SHT$$INIT_ARRAY$$Limit                                            

[591 symbols]
